<html>
<body>
<pre>
<h1>µVision Build Log</h1>
<h2>Tool Versions:</h2>
IDE-Version: µVision V5.36.0.0
Copyright (C) 2021 ARM Ltd and ARM Germany GmbH. All rights reserved.
License Information: Donatas micke, Univeersity of Leeds, LIC=----
 
Tool Versions:
Toolchain:       MDK-Lite  Version: 5.36.0.0
Toolchain Path:  C:\Keil_v5\ARM\ARMCC\Bin
C Compiler:      Armcc.exe V5.06 update 7 (build 960)
Assembler:       Armasm.exe V5.06 update 7 (build 960)
Linker/Locator:  ArmLink.exe V5.06 update 7 (build 960)
Library Manager: ArmAr.exe V5.06 update 7 (build 960)
Hex Converter:   FromElf.exe V5.06 update 7 (build 960)
CPU DLL:         SARMCM3.DLL V5.36.0.0
Dialog DLL:      DCM.DLL V1.17.3.0
Target DLL:      UL2CM3.DLL V1.164.0.0
Dialog DLL:      TCM.DLL V1.53.0.0
 
<h2>Project:</h2>
C:\Users\micke\OneDrive\Desktop\ProjectCALC - Copy\Calculator.uvprojx
Project File Date:  11/30/2021

<h2>Output:</h2>
*** Using Compiler 'V5.06 update 7 (build 960)', folder: 'C:\Keil_v5\ARM\ARMCC\Bin'
Build target 'Target 1'
compiling LCD.c...
LCD.c(4): warning:  #550-D: variable "delay"  was set but never used
  	unsigned long delay;
LCD.c: 1 warning, 0 errors
compiling UART.c...
compiling Keypad.c...
Keypad.c(4): warning:  #550-D: variable "delay"  was set but never used
  	unsigned long delay;
Keypad.c: 1 warning, 0 errors
compiling PLL.c...
compiling main.c...
main.c(185): warning:  #188-D: enumerated type mixed with another type
    look_ahead = scan();
main.c(276): warning:  #223-D: function "isdigit" declared implicitly
  		if ((!s) && isdigit(c)) return c;
main.c: 2 warnings, 0 errors
assembling startup_TM4C123.s...
compiling system_TM4C123.c...
RTE\Device\TM4C123GH6PM\system_TM4C123.c(277): warning:  #61-D: integer operation result is out of range
    #if (RCC2_Val & (1UL<<31))                              /* is rcc2 used ? */
RTE\Device\TM4C123GH6PM\system_TM4C123.c(278): warning:  #61-D: integer operation result is out of range
      #if (RCC2_Val & (1UL<<11))                           /* check BYPASS */
RTE\Device\TM4C123GH6PM\system_TM4C123.c(338): warning:  #61-D: integer operation result is out of range
        #if (RCC2_Val & (1UL<<11))
RTE\Device\TM4C123GH6PM\system_TM4C123.c(421): warning:  #61-D: integer operation result is out of range
  uint32_t SystemCoreClock = __CORE_CLK;  /*!< System Clock Frequency (Core Clock)*/
RTE\Device\TM4C123GH6PM\system_TM4C123.c(591): warning:  #61-D: integer operation result is out of range
      SYSCTL->RCC2 = (RCC2_Val | (1UL<<11) | (1UL<<13));              /* set value with BYPASS, PWRDN set */
RTE\Device\TM4C123GH6PM\system_TM4C123.c(595): warning:  #61-D: integer operation result is out of range
      SYSCTL->RCC2 = (RCC2_Val | (1UL<<11));                          /* set value with BYPASS */
RTE\Device\TM4C123GH6PM\system_TM4C123.c(600): warning:  #61-D: integer operation result is out of range
      if ( (((RCC_Val  & (1UL<<13)) == 0) && ((RCC2_Val & (1UL<<31)) == 0)) ||
RTE\Device\TM4C123GH6PM\system_TM4C123.c(601): warning:  #61-D: integer operation result is out of range
           (((RCC2_Val & (1UL<<13)) == 0) && ((RCC2_Val & (1UL<<31)) != 0))   ) {
RTE\Device\TM4C123GH6PM\system_TM4C123.c(601): warning:  #61-D: integer operation result is out of range
           (((RCC2_Val & (1UL<<13)) == 0) && ((RCC2_Val & (1UL<<31)) != 0))   ) {
RTE\Device\TM4C123GH6PM\system_TM4C123.c(606): warning:  #61-D: integer operation result is out of range
      SYSCTL->RCC2 = (RCC2_Val);                                      /* set value */
RTE\Device\TM4C123GH6PM\system_TM4C123.c: 10 warnings, 0 errors
linking...
Program Size: Code=9038 RO-data=718 RW-data=24 ZI-data=912  
".\Objects\Lab5.axf" - 0 Error(s), 14 Warning(s).

<h2>Software Packages used:</h2>

Package Vendor: ARM
                http://www.keil.com/pack/ARM.CMSIS.5.8.0.pack
                ARM.CMSIS.5.8.0
                CMSIS (Common Microcontroller Software Interface Standard)
   * Component: CORE Version: 5.5.0

Package Vendor: Keil
                http://www.keil.com/pack/Keil.TM4C_DFP.1.1.0.pack
                Keil.TM4C_DFP.1.1.0
                Texas Instruments Tiva C Series Device Support and Examples
   * Component: Startup Version: 1.0.1

<h2>Collection of Component include folders:</h2>
  .\RTE\_Target_1
  C:\Users\micke\AppData\Local\Arm\Packs\ARM\CMSIS\5.8.0\CMSIS\Core\Include
  C:\Users\micke\AppData\Local\Arm\Packs\Keil\TM4C_DFP\1.1.0\Device\Include\TM4C123

<h2>Collection of Component Files used:</h2>

   * Component: ARM::CMSIS:CORE:5.5.0

   * Component: Keil::Device:Startup:1.0.1
      Include file:  Device\Include\TM4C123\TM4C123.h
      Source file:   Device\Source\ARM\startup_TM4C123.s
      Source file:   Device\Source\system_TM4C123.c
Build Time Elapsed:  00:00:01
</pre>
</body>
</html>
