Component: ARM Compiler 5.06 update 7 (build 960) Tool: armlink [4d3601]

==============================================================================

Section Cross References

    main.o(i.append) refers to strlen.o(.text) for strlen
    main.o(i.createPatterns) refers to lcd.o(i.CreateCustomCharacter) for CreateCustomCharacter
    main.o(i.createPatterns) refers to main.o(.data) for Pattern0
    main.o(i.delay_100ms) refers to pll.o(i.SysTick_Wait) for SysTick_Wait
    main.o(i.displayAnimation) refers to lcd.o(i.moveDisplayCursor) for moveDisplayCursor
    main.o(i.displayAnimation) refers to lcd.o(i.writeDisplay) for writeDisplay
    main.o(i.displayAnimation) refers to main.o(i.delay_100ms) for delay_100ms
    main.o(i.expression) refers to main.o(i.term) for term
    main.o(i.expression) refers to main.o(i.next) for next
    main.o(i.expression) refers to main.o(.data) for error
    main.o(i.expression) refers to main.o(.bss) for tbuf
    main.o(i.factor) refers to main.o(i.next) for next
    main.o(i.factor) refers to main.o(i.unsigned_factor) for unsigned_factor
    main.o(i.factor) refers to main.o(.data) for error
    main.o(i.factor) refers to main.o(.bss) for tbuf
    main.o(i.initialise_parser) refers to main.o(i.reset) for reset
    main.o(i.initialise_parser) refers to main.o(i.next) for next
    main.o(i.initialise_parser) refers to main.o(.bss) for math_exp
    main.o(i.initialise_parser) refers to main.o(.data) for i
    main.o(i.lcdUpdate) refers to lcd.o(i.clearDisplay) for clearDisplay
    main.o(i.lcdUpdate) refers to pll.o(i.SysTick_Wait) for SysTick_Wait
    main.o(i.lcdUpdate) refers to lcd.o(i.moveDisplayCursor) for moveDisplayCursor
    main.o(i.lcdUpdate) refers to lcd.o(i.printDisplay) for printDisplay
    main.o(i.lcdUpdate) refers to main.o(.bss) for answer
    main.o(i.main) refers to keypad.o(i.KeypadInit) for KeypadInit
    main.o(i.main) refers to lcd.o(i.LCDPort_Init) for LCDPort_Init
    main.o(i.main) refers to lcd.o(i.InitDisplayPort) for InitDisplayPort
    main.o(i.main) refers to main.o(i.createPatterns) for createPatterns
    main.o(i.main) refers to lcd.o(i.moveDisplayCursor) for moveDisplayCursor
    main.o(i.main) refers to lcd.o(i.printDisplay) for printDisplay
    main.o(i.main) refers to keypad.o(i.readKeypad) for readKeypad
    main.o(i.main) refers to main.o(i.append) for append
    main.o(i.main) refers to lcd.o(i.writeDisplay) for writeDisplay
    main.o(i.main) refers to main.o(i.delay_100ms) for delay_100ms
    main.o(i.main) refers to atoi.o(.text) for atoi
    main.o(i.main) refers to lcd.o(i.clearDisplay) for clearDisplay
    main.o(i.main) refers to pll.o(i.SysTick_Wait) for SysTick_Wait
    main.o(i.main) refers to main.o(i.displayAnimation) for displayAnimation
    main.o(i.main) refers to isdigit_o.o(.text) for isdigit
    main.o(i.main) refers to flashprogram.o(i.Flash_Erase) for Flash_Erase
    main.o(i.main) refers to flashprogram.o(i.Flash_Write) for Flash_Write
    main.o(i.main) refers to main.o(i.reset_math) for reset_math
    main.o(i.main) refers to main.o(i.returnInput) for returnInput
    main.o(i.main) refers to strcat.o(.text) for strcat
    main.o(i.main) refers to strlen.o(.text) for strlen
    main.o(i.main) refers to main.o(i.lcdUpdate) for lcdUpdate
    main.o(i.main) refers to main.o(i.initialise_parser) for initialise_parser
    main.o(i.main) refers to main.o(i.expression) for expression
    main.o(i.main) refers to f2d.o(.text) for __aeabi_f2d
    main.o(i.main) refers to printfa.o(i.__0sprintf) for __2sprintf
    main.o(i.main) refers to strcpy.o(.text) for strcpy
    main.o(i.main) refers to main.o(.data) for ptr
    main.o(i.main) refers to main.o(.bss) for math_exp
    main.o(i.next) refers to main.o(i.scan) for scan
    main.o(i.next) refers to main.o(.data) for look_ahead
    main.o(i.pow_factor) refers to main.o(i.factor) for factor
    main.o(i.pow_factor) refers to main.o(i.next) for next
    main.o(i.pow_factor) refers to powf.o(i.__hardfp_powf) for __hardfp_powf
    main.o(i.pow_factor) refers to main.o(.data) for error
    main.o(i.pow_factor) refers to main.o(.bss) for tbuf
    main.o(i.read) refers to main.o(.data) for symbol
    main.o(i.read) refers to main.o(.bss) for tbuf
    main.o(i.reset) refers to main.o(.data) for n
    main.o(i.reset) refers to main.o(.bss) for tbuf
    main.o(i.reset_math) refers to main.o(.bss) for math_exp
    main.o(i.reset_math) refers to main.o(.data) for i
    main.o(i.returnInput) refers to isdigit_o.o(.text) for isdigit
    main.o(i.scan) refers to main.o(i.reset) for reset
    main.o(i.scan) refers to main.o(i.read) for read
    main.o(i.scan) refers to isdigit_o.o(.text) for isdigit
    main.o(i.scan) refers to main.o(.data) for symbol
    main.o(i.term) refers to main.o(i.pow_factor) for pow_factor
    main.o(i.term) refers to main.o(i.next) for next
[...]
    printfb.o(i.__0vfprintf$bare) refers to printfb.o(i._printf_core) for _printf_core
    printfb.o(i.__0vfprintf$bare) refers to uart.o(i.fputc) for fputc
    printfb.o(i.__0vprintf$bare) refers to printfb.o(i._printf_core) for _printf_core
    printfb.o(i.__0vprintf$bare) refers to uart.o(i.fputc) for fputc
    printfb.o(i.__0vprintf$bare) refers to stdout.o(.data) for __stdout
    printfb.o(i.__0vsnprintf$bare) refers to printfb.o(i._printf_core) for _printf_core
    printfb.o(i.__0vsnprintf$bare) refers to printfb.o(i._snputc) for _snputc
    printfb.o(i.__0vsprintf$bare) refers to printfb.o(i._printf_core) for _printf_core
    printfb.o(i.__0vsprintf$bare) refers to printfb.o(i._sputc) for _sputc
    printf0.o(i.__0fprintf$0) refers to printf0.o(i._printf_core) for _printf_core
    printf0.o(i.__0fprintf$0) refers to uart.o(i.fputc) for fputc
    printf0.o(i.__0printf$0) refers to printf0.o(i._printf_core) for _printf_core
    printf0.o(i.__0printf$0) refers to uart.o(i.fputc) for fputc
    printf0.o(i.__0printf$0) refers to stdout.o(.data) for __stdout
    printf0.o(i.__0snprintf$0) refers to printf0.o(i._printf_core) for _printf_core
    printf0.o(i.__0snprintf$0) refers to printf0.o(i._snputc) for _snputc
    printf0.o(i.__0sprintf$0) refers to printf0.o(i._printf_core) for _printf_core
    printf0.o(i.__0sprintf$0) refers to printf0.o(i._sputc) for _sputc
    printf0.o(i.__0vfprintf$0) refers to printf0.o(i._printf_core) for _printf_core
    printf0.o(i.__0vfprintf$0) refers to uart.o(i.fputc) for fputc
    printf0.o(i.__0vprintf$0) refers to printf0.o(i._printf_core) for _printf_core
    printf0.o(i.__0vprintf$0) refers to uart.o(i.fputc) for fputc
    printf0.o(i.__0vprintf$0) refers to stdout.o(.data) for __stdout
    printf0.o(i.__0vsnprintf$0) refers to printf0.o(i._printf_core) for _printf_core
    printf0.o(i.__0vsnprintf$0) refers to printf0.o(i._snputc) for _snputc
    printf0.o(i.__0vsprintf$0) refers to printf0.o(i._printf_core) for _printf_core
    printf0.o(i.__0vsprintf$0) refers to printf0.o(i._sputc) for _sputc
    printf1.o(i.__0fprintf$1) refers to printf1.o(i._printf_core) for _printf_core
    printf1.o(i.__0fprintf$1) refers to uart.o(i.fputc) for fputc
    printf1.o(i.__0printf$1) refers to printf1.o(i._printf_core) for _printf_core
    printf1.o(i.__0printf$1) refers to uart.o(i.fputc) for fputc
    printf1.o(i.__0printf$1) refers to stdout.o(.data) for __stdout
    printf1.o(i.__0snprintf$1) refers to printf1.o(i._printf_core) for _printf_core
    printf1.o(i.__0snprintf$1) refers to printf1.o(i._snputc) for _snputc
    printf1.o(i.__0sprintf$1) refers to printf1.o(i._printf_core) for _printf_core
    printf1.o(i.__0sprintf$1) refers to printf1.o(i._sputc) for _sputc
    printf1.o(i.__0vfprintf$1) refers to printf1.o(i._printf_core) for _printf_core
    printf1.o(i.__0vfprintf$1) refers to uart.o(i.fputc) for fputc
    printf1.o(i.__0vprintf$1) refers to printf1.o(i._printf_core) for _printf_core
    printf1.o(i.__0vprintf$1) refers to uart.o(i.fputc) for fputc
    printf1.o(i.__0vprintf$1) refers to stdout.o(.data) for __stdout
    printf1.o(i.__0vsnprintf$1) refers to printf1.o(i._printf_core) for _printf_core
    printf1.o(i.__0vsnprintf$1) refers to printf1.o(i._snputc) for _snputc
    printf1.o(i.__0vsprintf$1) refers to printf1.o(i._printf_core) for _printf_core
    printf1.o(i.__0vsprintf$1) refers to printf1.o(i._sputc) for _sputc
    printf1.o(i._printf_core) refers to uidiv.o(.text) for __aeabi_uidivmod
    printf2.o(i.__0fprintf$2) refers to printf2.o(i._printf_core) for _printf_core
    printf2.o(i.__0fprintf$2) refers to uart.o(i.fputc) for fputc
    printf2.o(i.__0printf$2) refers to printf2.o(i._printf_core) for _printf_core
    printf2.o(i.__0printf$2) refers to uart.o(i.fputc) for fputc
    printf2.o(i.__0printf$2) refers to stdout.o(.data) for __stdout
    printf2.o(i.__0snprintf$2) refers to printf2.o(i._printf_core) for _printf_core
    printf2.o(i.__0snprintf$2) refers to printf2.o(i._snputc) for _snputc
    printf2.o(i.__0sprintf$2) refers to printf2.o(i._printf_core) for _printf_core
    printf2.o(i.__0sprintf$2) refers to printf2.o(i._sputc) for _sputc
    printf2.o(i.__0vfprintf$2) refers to printf2.o(i._printf_core) for _printf_core
    printf2.o(i.__0vfprintf$2) refers to uart.o(i.fputc) for fputc
    printf2.o(i.__0vprintf$2) refers to printf2.o(i._printf_core) for _printf_core
    printf2.o(i.__0vprintf$2) refers to uart.o(i.fputc) for fputc
    printf2.o(i.__0vprintf$2) refers to stdout.o(.data) for __stdout
    printf2.o(i.__0vsnprintf$2) refers to printf2.o(i._printf_core) for _printf_core
    printf2.o(i.__0vsnprintf$2) refers to printf2.o(i._snputc) for _snputc
    printf2.o(i.__0vsprintf$2) refers to printf2.o(i._printf_core) for _printf_core
    printf2.o(i.__0vsprintf$2) refers to printf2.o(i._sputc) for _sputc
    printf3.o(i.__0fprintf$3) refers to printf3.o(i._printf_core) for _printf_core
    printf3.o(i.__0fprintf$3) refers to uart.o(i.fputc) for fputc
    printf3.o(i.__0printf$3) refers to printf3.o(i._printf_core) for _printf_core
    printf3.o(i.__0printf$3) refers to uart.o(i.fputc) for fputc
    printf3.o(i.__0printf$3) refers to stdout.o(.data) for __stdout
    printf3.o(i.__0snprintf$3) refers to printf3.o(i._printf_core) for _printf_core
    printf3.o(i.__0snprintf$3) refers to printf3.o(i._snputc) for _snputc
    printf3.o(i.__0sprintf$3) refers to printf3.o(i._printf_core) for _printf_core
    printf3.o(i.__0sprintf$3) refers to printf3.o(i._sputc) for _sputc
    printf3.o(i.__0vfprintf$3) refers to printf3.o(i._printf_core) for _printf_core
    printf3.o(i.__0vfprintf$3) refers to uart.o(i.fputc) for fputc
    printf3.o(i.__0vprintf$3) refers to printf3.o(i._printf_core) for _printf_core
    printf3.o(i.__0vprintf$3) refers to uart.o(i.fputc) for fputc
    printf3.o(i.__0vprintf$3) refers to stdout.o(.data) for __stdout
    printf3.o(i.__0vsnprintf$3) refers to printf3.o(i._printf_core) for _printf_core
    printf3.o(i.__0vsnprintf$3) refers to printf3.o(i._snputc) for _snputc
    printf3.o(i.__0vsprintf$3) refers to printf3.o(i._printf_core) for _printf_core
    printf3.o(i.__0vsprintf$3) refers to printf3.o(i._sputc) for _sputc
    printf3.o(i._printf_core) refers to uidiv.o(.text) for __aeabi_uidivmod
    printf4.o(i.__0fprintf$4) refers to printf4.o(i._printf_core) for _printf_core
    printf4.o(i.__0fprintf$4) refers to uart.o(i.fputc) for fputc
    printf4.o(i.__0printf$4) refers to printf4.o(i._printf_core) for _printf_core
    printf4.o(i.__0printf$4) refers to uart.o(i.fputc) for fputc
    printf4.o(i.__0printf$4) refers to stdout.o(.data) for __stdout
    printf4.o(i.__0snprintf$4) refers to printf4.o(i._printf_core) for _printf_core
    printf4.o(i.__0snprintf$4) refers to printf4.o(i._snputc) for _snputc
    printf4.o(i.__0sprintf$4) refers to printf4.o(i._printf_core) for _printf_core
    printf4.o(i.__0sprintf$4) refers to printf4.o(i._sputc) for _sputc
    printf4.o(i.__0vfprintf$4) refers to printf4.o(i._printf_core) for _printf_core
    printf4.o(i.__0vfprintf$4) refers to uart.o(i.fputc) for fputc
    printf4.o(i.__0vprintf$4) refers to printf4.o(i._printf_core) for _printf_core
    printf4.o(i.__0vprintf$4) refers to uart.o(i.fputc) for fputc
    printf4.o(i.__0vprintf$4) refers to stdout.o(.data) for __stdout
    printf4.o(i.__0vsnprintf$4) refers to printf4.o(i._printf_core) for _printf_core
    printf4.o(i.__0vsnprintf$4) refers to printf4.o(i._snputc) for _snputc
    printf4.o(i.__0vsprintf$4) refers to printf4.o(i._printf_core) for _printf_core
    printf4.o(i.__0vsprintf$4) refers to printf4.o(i._sputc) for _sputc
    printf4.o(i._printf_core) refers to uldiv.o(.text) for __aeabi_uldivmod
    printf5.o(i.__0fprintf$5) refers to printf5.o(i._printf_core) for _printf_core
    printf5.o(i.__0fprintf$5) refers to uart.o(i.fputc) for fputc
    printf5.o(i.__0printf$5) refers to printf5.o(i._printf_core) for _printf_core
    printf5.o(i.__0printf$5) refers to uart.o(i.fputc) for fputc
    printf5.o(i.__0printf$5) refers to stdout.o(.data) for __stdout
    printf5.o(i.__0snprintf$5) refers to printf5.o(i._printf_core) for _printf_core
    printf5.o(i.__0snprintf$5) refers to printf5.o(i._snputc) for _snputc
    printf5.o(i.__0sprintf$5) refers to printf5.o(i._printf_core) for _printf_core
    printf5.o(i.__0sprintf$5) refers to printf5.o(i._sputc) for _sputc
    printf5.o(i.__0vfprintf$5) refers to printf5.o(i._printf_core) for _printf_core
    printf5.o(i.__0vfprintf$5) refers to uart.o(i.fputc) for fputc
    printf5.o(i.__0vprintf$5) refers to printf5.o(i._printf_core) for _printf_core
    printf5.o(i.__0vprintf$5) refers to uart.o(i.fputc) for fputc
    printf5.o(i.__0vprintf$5) refers to stdout.o(.data) for __stdout
    printf5.o(i.__0vsnprintf$5) refers to printf5.o(i._printf_core) for _printf_core
    printf5.o(i.__0vsnprintf$5) refers to printf5.o(i._snputc) for _snputc
    printf5.o(i.__0vsprintf$5) refers to printf5.o(i._printf_core) for _printf_core
    printf5.o(i.__0vsprintf$5) refers to printf5.o(i._sputc) for _sputc
    printf5.o(i._printf_core) refers to uldiv.o(.text) for __aeabi_uldivmod
    printf6.o(i.__0fprintf$6) refers to printf6.o(i._printf_core) for _printf_core
    printf6.o(i.__0fprintf$6) refers to uart.o(i.fputc) for fputc
    printf6.o(i.__0printf$6) refers to printf6.o(i._printf_core) for _printf_core
    printf6.o(i.__0printf$6) refers to uart.o(i.fputc) for fputc
    printf6.o(i.__0printf$6) refers to stdout.o(.data) for __stdout
    printf6.o(i.__0snprintf$6) refers to printf6.o(i._printf_core) for _printf_core
    printf6.o(i.__0snprintf$6) refers to printf6.o(i._snputc) for _snputc
    printf6.o(i.__0sprintf$6) refers to printf6.o(i._printf_core) for _printf_core
    printf6.o(i.__0sprintf$6) refers to printf6.o(i._sputc) for _sputc
    printf6.o(i.__0vfprintf$6) refers to printf6.o(i._printf_core) for _printf_core
    printf6.o(i.__0vfprintf$6) refers to uart.o(i.fputc) for fputc
    printf6.o(i.__0vprintf$6) refers to printf6.o(i._printf_core) for _printf_core
    printf6.o(i.__0vprintf$6) refers to uart.o(i.fputc) for fputc
    printf6.o(i.__0vprintf$6) refers to stdout.o(.data) for __stdout
    printf6.o(i.__0vsnprintf$6) refers to printf6.o(i._printf_core) for _printf_core
    printf6.o(i.__0vsnprintf$6) refers to printf6.o(i._snputc) for _snputc
    printf6.o(i.__0vsprintf$6) refers to printf6.o(i._printf_core) for _printf_core
    printf6.o(i.__0vsprintf$6) refers to printf6.o(i._sputc) for _sputc
    printf6.o(i._printf_core) refers to printf6.o(i._printf_pre_padding) for _printf_pre_padding
    printf6.o(i._printf_core) refers to uidiv.o(.text) for __aeabi_uidivmod
    printf6.o(i._printf_core) refers to printf6.o(i._printf_post_padding) for _printf_post_padding
    printf7.o(i.__0fprintf$7) refers to printf7.o(i._printf_core) for _printf_core
    printf7.o(i.__0fprintf$7) refers to uart.o(i.fputc) for fputc
    printf7.o(i.__0printf$7) refers to printf7.o(i._printf_core) for _printf_core
    printf7.o(i.__0printf$7) refers to uart.o(i.fputc) for fputc
    printf7.o(i.__0printf$7) refers to stdout.o(.data) for __stdout
    printf7.o(i.__0snprintf$7) refers to printf7.o(i._printf_core) for _printf_core
    printf7.o(i.__0snprintf$7) refers to printf7.o(i._snputc) for _snputc
    printf7.o(i.__0sprintf$7) refers to printf7.o(i._printf_core) for _printf_core
    printf7.o(i.__0sprintf$7) refers to printf7.o(i._sputc) for _sputc
    printf7.o(i.__0vfprintf$7) refers to printf7.o(i._printf_core) for _printf_core
    printf7.o(i.__0vfprintf$7) refers to uart.o(i.fputc) for fputc
    printf7.o(i.__0vprintf$7) refers to printf7.o(i._printf_core) for _printf_core
    printf7.o(i.__0vprintf$7) refers to uart.o(i.fputc) for fputc
    printf7.o(i.__0vprintf$7) refers to stdout.o(.data) for __stdout
    printf7.o(i.__0vsnprintf$7) refers to printf7.o(i._printf_core) for _printf_core
    printf7.o(i.__0vsnprintf$7) refers to printf7.o(i._snputc) for _snputc
    printf7.o(i.__0vsprintf$7) refers to printf7.o(i._printf_core) for _printf_core
    printf7.o(i.__0vsprintf$7) refers to printf7.o(i._sputc) for _sputc
    printf7.o(i._printf_core) refers to printf7.o(i._printf_pre_padding) for _printf_pre_padding
    printf7.o(i._printf_core) refers to uldiv.o(.text) for __aeabi_uldivmod
    printf7.o(i._printf_core) refers to printf7.o(i._printf_post_padding) for _printf_post_padding
    printf8.o(i.__0fprintf$8) refers to printf8.o(i._printf_core) for _printf_core
    printf8.o(i.__0fprintf$8) refers to uart.o(i.fputc) for fputc
    printf8.o(i.__0printf$8) refers to printf8.o(i._printf_core) for _printf_core
    printf8.o(i.__0printf$8) refers to uart.o(i.fputc) for fputc
    printf8.o(i.__0printf$8) refers to stdout.o(.data) for __stdout
    printf8.o(i.__0snprintf$8) refers to printf8.o(i._printf_core) for _printf_core
    printf8.o(i.__0snprintf$8) refers to printf8.o(i._snputc) for _snputc
    printf8.o(i.__0sprintf$8) refers to printf8.o(i._printf_core) for _printf_core
    printf8.o(i.__0sprintf$8) refers to printf8.o(i._sputc) for _sputc
    printf8.o(i.__0vfprintf$8) refers to printf8.o(i._printf_core) for _printf_core
    printf8.o(i.__0vfprintf$8) refers to uart.o(i.fputc) for fputc
    printf8.o(i.__0vprintf$8) refers to printf8.o(i._printf_core) for _printf_core
    printf8.o(i.__0vprintf$8) refers to uart.o(i.fputc) for fputc
    printf8.o(i.__0vprintf$8) refers to stdout.o(.data) for __stdout
    printf8.o(i.__0vsnprintf$8) refers to printf8.o(i._printf_core) for _printf_core
    printf8.o(i.__0vsnprintf$8) refers to printf8.o(i._snputc) for _snputc
    printf8.o(i.__0vsprintf$8) refers to printf8.o(i._printf_core) for _printf_core
    printf8.o(i.__0vsprintf$8) refers to printf8.o(i._sputc) for _sputc
    printf8.o(i._printf_core) refers to printf8.o(i._printf_pre_padding) for _printf_pre_padding
    printf8.o(i._printf_core) refers to uldiv.o(.text) for __aeabi_uldivmod
    printf8.o(i._printf_core) refers to printf8.o(i._printf_post_padding) for _printf_post_padding
    printfa.o(i.__0fprintf) refers (Special) to iusefp.o(.text) for __I$use$fp
    printfa.o(i.__0fprintf) refers to printfa.o(i._printf_core) for _printf_core
    printfa.o(i.__0fprintf) refers to uart.o(i.fputc) for fputc
    printfa.o(i.__0printf) refers (Special) to iusefp.o(.text) for __I$use$fp
    printfa.o(i.__0printf) refers to printfa.o(i._printf_core) for _printf_core
    printfa.o(i.__0printf) refers to uart.o(i.fputc) for fputc
    printfa.o(i.__0printf) refers to stdout.o(.data) for __stdout
    printfa.o(i.__0snprintf) refers (Special) to iusefp.o(.text) for __I$use$fp
    printfa.o(i.__0snprintf) refers to printfa.o(i._printf_core) for _printf_core
    printfa.o(i.__0snprintf) refers to printfa.o(i._snputc) for _snputc
    printfa.o(i.__0sprintf) refers (Special) to iusefp.o(.text) for __I$use$fp
    printfa.o(i.__0sprintf) refers to printfa.o(i._printf_core) for _printf_core
    printfa.o(i.__0sprintf) refers to printfa.o(i._sputc) for _sputc
    printfa.o(i.__0vfprintf) refers (Special) to iusefp.o(.text) for __I$use$fp
    printfa.o(i.__0vfprintf) refers to printfa.o(i._printf_core) for _printf_core
    printfa.o(i.__0vfprintf) refers to uart.o(i.fputc) for fputc
    printfa.o(i.__0vprintf) refers (Special) to iusefp.o(.text) for __I$use$fp
    printfa.o(i.__0vprintf) refers to printfa.o(i._printf_core) for _printf_core
    printfa.o(i.__0vprintf) refers to uart.o(i.fputc) for fputc
    printfa.o(i.__0vprintf) refers to stdout.o(.data) for __stdout
    printfa.o(i.__0vsnprintf) refers (Special) to iusefp.o(.text) for __I$use$fp
    printfa.o(i.__0vsnprintf) refers to printfa.o(i._printf_core) for _printf_core
    printfa.o(i.__0vsnprintf) refers to printfa.o(i._snputc) for _snputc
    printfa.o(i.__0vsprintf) refers (Special) to iusefp.o(.text) for __I$use$fp
    printfa.o(i.__0vsprintf) refers to printfa.o(i._printf_core) for _printf_core
    printfa.o(i.__0vsprintf) refers to printfa.o(i._sputc) for _sputc
    printfa.o(i._fp_digits) refers (Special) to iusefp.o(.text) for __I$use$fp
    printfa.o(i._fp_digits) refers to dmul.o(.text) for __aeabi_dmul
    printfa.o(i._fp_digits) refers to ddiv.o(.text) for __aeabi_ddiv
    printfa.o(i._fp_digits) refers to cdrcmple.o(.text) for __aeabi_cdrcmple
    printfa.o(i._fp_digits) refers to dadd.o(.text) for __aeabi_dadd
    printfa.o(i._fp_digits) refers to dfixul.o(.text) for __aeabi_d2ulz
    printfa.o(i._fp_digits) refers to uldiv.o(.text) for __aeabi_uldivmod
    printfa.o(i._printf_core) refers (Special) to iusefp.o(.text) for __I$use$fp
    printfa.o(i._printf_core) refers to printfa.o(i._printf_pre_padding) for _printf_pre_padding
    printfa.o(i._printf_core) refers to uldiv.o(.text) for __aeabi_uldivmod
    printfa.o(i._printf_core) refers to printfa.o(i._printf_post_padding) for _printf_post_padding
    printfa.o(i._printf_core) refers to printfa.o(i._fp_digits) for _fp_digits
    printfa.o(i._printf_core) refers to uidiv.o(.text) for __aeabi_uidivmod
    printfa.o(i._printf_post_padding) refers (Special) to iusefp.o(.text) for __I$use$fp
    printfa.o(i._printf_pre_padding) refers (Special) to iusefp.o(.text) for __I$use$fp
    printfa.o(i._snputc) refers (Special) to iusefp.o(.text) for __I$use$fp
    printfa.o(i._sputc) refers (Special) to iusefp.o(.text) for __I$use$fp
    __0sscanf.o(.text) refers to scanf_char.o(.text) for __vfscanf_char
    __0sscanf.o(.text) refers to _sgetc.o(.text) for _sgetc
    scanf_fp.o(.text) refers (Special) to iusefp.o(.text) for __I$use$fp
    scanf_fp.o(.text) refers to dfltul.o(.text) for __aeabi_ul2d
    scanf_fp.o(.text) refers to dmul.o(.text) for __aeabi_dmul
    scanf_fp.o(.text) refers to ddiv.o(.text) for __aeabi_ddiv
    scanf_fp.o(.text) refers to scanf_fp.o(i._is_digit) for _is_digit
    scanf_fp.o(.text) refers to d2f.o(.text) for __aeabi_d2f
    atoi.o(.text) refers to errno.o(i.__aeabi_errno_addr) for __aeabi_errno_addr
    atoi.o(.text) refers to strtol.o(.text) for strtol
    f2d.o(.text) refers (Special) to iusefp.o(.text) for __I$use$fp
    fpclassifyf.o(i.__ARM_fpclassifyf) refers (Special) to iusefp.o(.text) for __I$use$fp
    entry2.o(.ARM.Collect$$$$00000001) refers to entry2.o(.ARM.Collect$$$$00002712) for __lit__00000000
    entry2.o(.ARM.Collect$$$$00002712) refers to startup_tm4c123.o(STACK) for __initial_sp
    entry2.o(__vectab_stack_and_reset_area) refers to startup_tm4c123.o(STACK) for __initial_sp
    entry2.o(__vectab_stack_and_reset_area) refers to entry.o(.ARM.Collect$$$$00000000) for __main
    entry5.o(.ARM.Collect$$$$00000004) refers to init.o(.text) for __scatterload
    entry9a.o(.ARM.Collect$$$$0000000B) refers to main.o(i.main) for main
    entry9b.o(.ARM.Collect$$$$0000000C) refers to main.o(i.main) for main
    uldiv.o(.text) refers to llushr.o(.text) for __aeabi_llsr
    uldiv.o(.text) refers to llshl.o(.text) for __aeabi_llsl
    ctype_c.o(.text) refers to ctype_c.o(.constdata) for .constdata
    errno.o(i.__aeabi_errno_addr) refers to errno.o(.data) for .data
    errno.o(i.__read_errno) refers to errno.o(.data) for .data
    errno.o(i.__set_errno) refers to errno.o(.data) for .data
    scanf_char.o(.text) refers to _scanf.o(.text) for __vfscanf
    scanf_char.o(.text) refers to isspace_o.o(.text) for isspace
    strtol.o(.text) refers to ctype_o.o(.text) for __rt_ctype_table
    strtol.o(.text) refers to _strtoul.o(.text) for _strtoul
    strtol.o(.text) refers to errno.o(i.__aeabi_errno_addr) for __aeabi_errno_addr
    dadd.o(.text) refers to llshl.o(.text) for __aeabi_llsl
    dadd.o(.text) refers to llsshr.o(.text) for __aeabi_lasr
    dadd.o(.text) refers to depilogue.o(.text) for _double_epilogue
    dmul.o(.text) refers to depilogue.o(.text) for _double_epilogue
    ddiv.o(.text) refers to depilogue.o(.text) for _double_round
    dfltul.o(.text) refers to depilogue.o(.text) for _double_epilogue
    dfixul.o(.text) refers to llushr.o(.text) for __aeabi_llsr
    dfixul.o(.text) refers to llshl.o(.text) for __aeabi_llsl
    d2f.o(.text) refers to fepilogue.o(.text) for _float_round
    init.o(.text) refers to entry5.o(.ARM.Collect$$$$00000004) for __main_after_scatterload
    isspace_c.o(.text) refers to ctype_c.o(.text) for __ctype_lookup
    ctype_o.o(.text) refers to ctype_o.o(.constdata) for .constdata
    ctype_o.o(.constdata) refers to ctype_o.o(.constdata) for __ctype_table
    isalnum_o.o(.text) refers to ctype_o.o(.text) for __rt_ctype_table
    isalpha_o.o(.text) refers to ctype_o.o(.text) for __rt_ctype_table
    isblank_o.o(.text) refers to ctype_o.o(.constdata) for __ctype_table
    iscntrl_o.o(.text) refers to ctype_o.o(.text) for __rt_ctype_table
    isdigit_o.o(.text) refers to ctype_o.o(.text) for __rt_ctype_table
    isgraph_o.o(.text) refers to ctype_o.o(.text) for __rt_ctype_table
    islower_o.o(.text) refers to ctype_o.o(.text) for __rt_ctype_table
    isprint_o.o(.text) refers to ctype_o.o(.text) for __rt_ctype_table
    ispunct_o.o(.text) refers to ctype_o.o(.text) for __rt_ctype_table
    isspace_o.o(.text) refers to ctype_o.o(.text) for __rt_ctype_table
    isupper_o.o(.text) refers to ctype_o.o(.text) for __rt_ctype_table
    isxdigit_o.o(.text) refers to ctype_o.o(.text) for __rt_ctype_table
    _scanf.o(.text) refers (Weak) to scanf_fp.o(.text) for _scanf_real
    _strtoul.o(.text) refers to _chval.o(.text) for _chval
    _strtoul.o(.text) refers to errno.o(i.__aeabi_errno_addr) for __aeabi_errno_addr
    depilogue.o(.text) refers to llshl.o(.text) for __aeabi_llsl
    depilogue.o(.text) refers to llushr.o(.text) for __aeabi_llsr
    scanf_fp.o(i._is_digit) refers (Special) to iusefp.o(.text) for __I$use$fp


==============================================================================

Removing Unused input sections from the image.

    Removing uart.o(i.UART_InChar), (28 bytes).
    Removing uart.o(i.UART_Init), (140 bytes).
    Removing uart.o(i.UART_OutChar), (24 bytes).
    Removing uart.o(i.ferror), (8 bytes).
    Removing uart.o(i.fgetc), (20 bytes).
    Removing uart.o(i.fputc), (44 bytes).
    Removing flashprogram.o(i.Flash_Init), (2 bytes).
    Removing startup_tm4c123.o(HEAP), (0 bytes).
    Removing system_tm4c123.o(.rev16_text), (4 bytes).
    Removing system_tm4c123.o(.revsh_text), (4 bytes).
    Removing system_tm4c123.o(.rrx_text), (6 bytes).
    Removing system_tm4c123.o(i.SystemCoreClockUpdate), (196 bytes).
    Removing system_tm4c123.o(i.getOscClk), (244 bytes).
    Removing system_tm4c123.o(.data), (4 bytes).

14 unused section(s) (total 724 bytes) removed from the image.

==============================================================================

Image Symbol Table

    Local Symbols

    Symbol Name                              Value     Ov Type        Size  Object(Section)

    RESET                                    0x00000000   Section      620  startup_tm4c123.o(RESET)
    ../clib/microlib/ctype/ctype.c           0x00000000   Number         0  isspace_o.o ABSOLUTE
    ../clib/microlib/ctype/ctype.c           0x00000000   Number         0  isgraph_o.o ABSOLUTE
    ../clib/microlib/ctype/ctype.c           0x00000000   Number         0  isdigit_o.o ABSOLUTE
    ../clib/microlib/ctype/ctype.c           0x00000000   Number         0  iscntrl_o.o ABSOLUTE
    ../clib/microlib/ctype/ctype.c           0x00000000   Number         0  isblank_o.o ABSOLUTE
    ../clib/microlib/ctype/ctype.c           0x00000000   Number         0  isalpha_o.o ABSOLUTE
    ../clib/microlib/ctype/ctype.c           0x00000000   Number         0  ctype_o.o ABSOLUTE
    ../clib/microlib/ctype/ctype.c           0x00000000   Number         0  isspace_c.o ABSOLUTE
    ../clib/microlib/ctype/ctype.c           0x00000000   Number         0  isdigit_c.o ABSOLUTE
    ../clib/microlib/ctype/ctype.c           0x00000000   Number         0  ispunct_o.o ABSOLUTE
    ../clib/microlib/ctype/ctype.c           0x00000000   Number         0  isprint_o.o ABSOLUTE
    ../clib/microlib/ctype/ctype.c           0x00000000   Number         0  islower_o.o ABSOLUTE
    ../clib/microlib/ctype/ctype.c           0x00000000   Number         0  ctype_c.o ABSOLUTE
    ../clib/microlib/ctype/ctype.c           0x00000000   Number         0  isxdigit_o.o ABSOLUTE
    ../clib/microlib/ctype/ctype.c           0x00000000   Number         0  isalnum_o.o ABSOLUTE
    ../clib/microlib/ctype/ctype.c           0x00000000   Number         0  isupper_o.o ABSOLUTE
    ../clib/microlib/division.c              0x00000000   Number         0  uidiv.o ABSOLUTE
    ../clib/microlib/division.c              0x00000000   Number         0  uldiv.o ABSOLUTE
    ../clib/microlib/errno.c                 0x00000000   Number         0  errno.o ABSOLUTE
    ../clib/microlib/init/entry.s            0x00000000   Number         0  entry2.o ABSOLUTE
    ../clib/microlib/init/entry.s            0x00000000   Number         0  entry11b.o ABSOLUTE
    ../clib/microlib/init/entry.s            0x00000000   Number         0  entry10b.o ABSOLUTE
    ../clib/microlib/init/entry.s            0x00000000   Number         0  entry.o ABSOLUTE
    ../clib/microlib/init/entry.s            0x00000000   Number         0  entry9b.o ABSOLUTE
    ../clib/microlib/init/entry.s            0x00000000   Number         0  entry10a.o ABSOLUTE
    ../clib/microlib/init/entry.s            0x00000000   Number         0  entry5.o ABSOLUTE
    ../clib/microlib/init/entry.s            0x00000000   Number         0  entry7a.o ABSOLUTE
    ../clib/microlib/init/entry.s            0x00000000   Number         0  entry7b.o ABSOLUTE
    ../clib/microlib/init/entry.s            0x00000000   Number         0  entry8a.o ABSOLUTE
    ../clib/microlib/init/entry.s            0x00000000   Number         0  entry8b.o ABSOLUTE
    ../clib/microlib/init/entry.s            0x00000000   Number         0  entry9a.o ABSOLUTE
    ../clib/microlib/init/entry.s            0x00000000   Number         0  entry11a.o ABSOLUTE
    ../clib/microlib/init/entry.s            0x00000000   Number         0  entry12a.o ABSOLUTE
    ../clib/microlib/init/entry.s            0x00000000   Number         0  entry12b.o ABSOLUTE
    ../clib/microlib/longlong.c              0x00000000   Number         0  llushr.o ABSOLUTE
    ../clib/microlib/longlong.c              0x00000000   Number         0  llshl.o ABSOLUTE
    ../clib/microlib/longlong.c              0x00000000   Number         0  llsshr.o ABSOLUTE
    ../clib/microlib/printf/printf.c         0x00000000   Number         0  printf7.o ABSOLUTE
    ../clib/microlib/printf/printf.c         0x00000000   Number         0  printf5.o ABSOLUTE
    ../clib/microlib/printf/printf.c         0x00000000   Number         0  printf4.o ABSOLUTE
    ../clib/microlib/printf/printf.c         0x00000000   Number         0  printf3.o ABSOLUTE
    ../clib/microlib/printf/printf.c         0x00000000   Number         0  printf2.o ABSOLUTE
    ../clib/microlib/printf/printf.c         0x00000000   Number         0  printf1.o ABSOLUTE
    ../clib/microlib/printf/printf.c         0x00000000   Number         0  printf0.o ABSOLUTE
    ../clib/microlib/printf/printf.c         0x00000000   Number         0  printfb.o ABSOLUTE
    ../clib/microlib/printf/printf.c         0x00000000   Number         0  printfa.o ABSOLUTE
    ../clib/microlib/printf/printf.c         0x00000000   Number         0  printf8.o ABSOLUTE
    ../clib/microlib/printf/printf.c         0x00000000   Number         0  printf6.o ABSOLUTE
    ../clib/microlib/printf/stubs.s          0x00000000   Number         0  stubs.o ABSOLUTE
    ../clib/microlib/stdio/streams.c         0x00000000   Number         0  stdout.o ABSOLUTE
    ../clib/microlib/string/strcat.c         0x00000000   Number         0  strcat.o ABSOLUTE
    ../clib/microlib/string/strcpy.c         0x00000000   Number         0  strcpy.o ABSOLUTE
    ../clib/microlib/string/strlen.c         0x00000000   Number         0  strlen.o ABSOLUTE
    ../clib/microlib/stubs.s                 0x00000000   Number         0  iusefp.o ABSOLUTE
    ../clib/scanf.c                          0x00000000   Number         0  scanf_char.o ABSOLUTE
    ../clib/scanf.c                          0x00000000   Number         0  _sgetc.o ABSOLUTE
    ../clib/scanf.c                          0x00000000   Number         0  __0sscanf.o ABSOLUTE
    ../clib/scanf.c                          0x00000000   Number         0  strtol.o ABSOLUTE
    ../clib/scanf.c                          0x00000000   Number         0  scanf_fp.o ABSOLUTE
    ../clib/scanf.c                          0x00000000   Number         0  atoi.o ABSOLUTE
    ../clib/scanf.c                          0x00000000   Number         0  _scanf.o ABSOLUTE
    ../clib/scanf.c                          0x00000000   Number         0  _strtoul.o ABSOLUTE
    ../clib/scanf.c                          0x00000000   Number         0  _chval.o ABSOLUTE
    ../fplib/microlib/d2f.c                  0x00000000   Number         0  d2f.o ABSOLUTE
    ../fplib/microlib/f2d.c                  0x00000000   Number         0  f2d.o ABSOLUTE
    ../fplib/microlib/fpadd.c                0x00000000   Number         0  dadd.o ABSOLUTE
    ../fplib/microlib/fpdiv.c                0x00000000   Number         0  ddiv.o ABSOLUTE
    ../fplib/microlib/fpepilogue.c           0x00000000   Number         0  fepilogue.o ABSOLUTE
    ../fplib/microlib/fpepilogue.c           0x00000000   Number         0  depilogue.o ABSOLUTE
    ../fplib/microlib/fpfix.c                0x00000000   Number         0  dfixul.o ABSOLUTE
    ../fplib/microlib/fpflt.c                0x00000000   Number         0  dfltul.o ABSOLUTE
    ../fplib/microlib/fpmul.c                0x00000000   Number         0  dmul.o ABSOLUTE
    ../fplib/microlib/fpstat.c               0x00000000   Number         0  fpstat.o ABSOLUTE
    ../mathlib/fpclassifyf.c                 0x00000000   Number         0  fpclassifyf.o ABSOLUTE
    ../mathlib/funder.c                      0x00000000   Number         0  funder.o ABSOLUTE
    ../mathlib/powf.c                        0x00000000   Number         0  powf.o ABSOLUTE
    ../mathlib/powf.c                        0x00000000   Number         0  powf_x.o ABSOLUTE
    FlashProgram.c                           0x00000000   Number         0  flashprogram.o ABSOLUTE
    Keypad.c                                 0x00000000   Number         0  keypad.o ABSOLUTE
    LCD.c                                    0x00000000   Number         0  lcd.o ABSOLUTE
    PLL.c                                    0x00000000   Number         0  pll.o ABSOLUTE
    RTE\Device\TM4C123GH6PM\startup_TM4C123.s 0x00000000   Number         0  startup_tm4c123.o ABSOLUTE
    RTE\Device\TM4C123GH6PM\system_TM4C123.c 0x00000000   Number         0  system_tm4c123.o ABSOLUTE
    RTE\\Device\\TM4C123GH6PM\\system_TM4C123.c 0x00000000   Number         0  system_tm4c123.o ABSOLUTE
    UART.c                                   0x00000000   Number         0  uart.o ABSOLUTE
    cdrcmple.s                               0x00000000   Number         0  cdrcmple.o ABSOLUTE
    dc.s                                     0x00000000   Number         0  dc.o ABSOLUTE
    handlers.s                               0x00000000   Number         0  handlers.o ABSOLUTE
    init.s                                   0x00000000   Number         0  init.o ABSOLUTE
    main.c                                   0x00000000   Number         0  main.o ABSOLUTE
    .ARM.Collect$$$$00000000                 0x0000026c   Section        0  entry.o(.ARM.Collect$$$$00000000)
    .ARM.Collect$$$$00000001                 0x0000026c   Section        4  entry2.o(.ARM.Collect$$$$00000001)
    .ARM.Collect$$$$00000004                 0x00000270   Section        4  entry5.o(.ARM.Collect$$$$00000004)
    .ARM.Collect$$$$00000008                 0x00000274   Section        0  entry7b.o(.ARM.Collect$$$$00000008)
    .ARM.Collect$$$$0000000A                 0x00000274   Section        0  entry8b.o(.ARM.Collect$$$$0000000A)
    .ARM.Collect$$$$0000000B                 0x00000274   Section        8  entry9a.o(.ARM.Collect$$$$0000000B)
    .ARM.Collect$$$$0000000E                 0x0000027c   Section        4  entry12b.o(.ARM.Collect$$$$0000000E)
    .ARM.Collect$$$$0000000F                 0x00000280   Section        0  entry10a.o(.ARM.Collect$$$$0000000F)
    .ARM.Collect$$$$00000011                 0x00000280   Section        0  entry11a.o(.ARM.Collect$$$$00000011)
    .ARM.Collect$$$$00002712                 0x00000280   Section        4  entry2.o(.ARM.Collect$$$$00002712)
    __lit__00000000                          0x00000280   Data           4  entry2.o(.ARM.Collect$$$$00002712)
    .text                                    0x00000284   Section      252  startup_tm4c123.o(.text)
    $v0                                      0x00000284   Number         0  startup_tm4c123.o(.text)
    .text                                    0x00000380   Section        0  strcat.o(.text)
    .text                                    0x00000398   Section        0  strlen.o(.text)
    .text                                    0x000003a6   Section        0  strcpy.o(.text)
    .text                                    0x000003b8   Section        0  __0sscanf.o(.text)
    .text                                    0x000003f0   Section        0  scanf_fp.o(.text)
    _fp_value                                0x000003f1   Thumb Code   296  scanf_fp.o(.text)
    .text                                    0x00000750   Section        0  atoi.o(.text)
    .text                                    0x0000076a   Section        0  f2d.o(.text)
    .text                                    0x00000790   Section        0  uidiv.o(.text)
    .text                                    0x000007bc   Section        0  uldiv.o(.text)
    .text                                    0x00000820   Section        0  scanf_char.o(.text)
    _scanf_char_input                        0x00000821   Thumb Code    12  scanf_char.o(.text)
    .text                                    0x00000848   Section        0  _sgetc.o(.text)
    .text                                    0x00000888   Section        0  strtol.o(.text)
    .text                                    0x000008f8   Section        0  iusefp.o(.text)
    .text                                    0x000008f8   Section        0  dadd.o(.text)
    .text                                    0x00000a46   Section        0  dmul.o(.text)
    .text                                    0x00000b2a   Section        0  ddiv.o(.text)
    .text                                    0x00000c08   Section        0  dfltul.o(.text)
    .text                                    0x00000c20   Section        0  dfixul.o(.text)
    .text                                    0x00000c50   Section       48  cdrcmple.o(.text)
    .text                                    0x00000c80   Section        0  d2f.o(.text)
    .text                                    0x00000cb8   Section        0  fpstat.o(.text)
    .text                                    0x00000cbc   Section       36  init.o(.text)
    .text                                    0x00000ce0   Section        0  llshl.o(.text)
    .text                                    0x00000cfe   Section        0  llushr.o(.text)
    .text                                    0x00000d1e   Section        0  llsshr.o(.text)
    .text                                    0x00000d44   Section        0  ctype_o.o(.text)
    .text                                    0x00000d4c   Section        0  isdigit_o.o(.text)
    .text                                    0x00000d64   Section        0  isspace_o.o(.text)
    .text                                    0x00000d78   Section        0  _scanf.o(.text)
    .text                                    0x000010a8   Section        0  _strtoul.o(.text)
    .text                                    0x00001146   Section        0  fepilogue.o(.text)
    .text                                    0x000011b4   Section        0  depilogue.o(.text)
    .text                                    0x0000126e   Section        0  _chval.o(.text)
    i.CreateCustomCharacter                  0x0000128a   Section        0  lcd.o(i.CreateCustomCharacter)
    i.EraseAddrValid                         0x000012c4   Section        0  flashprogram.o(i.EraseAddrValid)
    EraseAddrValid                           0x000012c5   Thumb Code    22  flashprogram.o(i.EraseAddrValid)
    i.Flash_Erase                            0x000012dc   Section        0  flashprogram.o(i.Flash_Erase)
    i.Flash_Write                            0x00001338   Section        0  flashprogram.o(i.Flash_Write)
    i.InitDisplayPort                        0x00001398   Section        0  lcd.o(i.InitDisplayPort)
    i.KeypadInit                             0x00001448   Section        0  keypad.o(i.KeypadInit)
    i.LCDPort_Init                           0x000014d8   Section        0  lcd.o(i.LCDPort_Init)
    i.PLL_Init                               0x00001568   Section        0  pll.o(i.PLL_Init)
    i.Pulse_EN                               0x000015d8   Section        0  lcd.o(i.Pulse_EN)
    i.SendDisplayByte                        0x00001604   Section        0  lcd.o(i.SendDisplayByte)
    i.SendDisplayNibble                      0x00001644   Section        0  lcd.o(i.SendDisplayNibble)
    i.SysTick_Init                           0x00001674   Section        0  pll.o(i.SysTick_Init)
    i.SysTick_Wait                           0x0000168c   Section        0  pll.o(i.SysTick_Wait)
    i.SystemInit                             0x000016ac   Section        0  system_tm4c123.o(i.SystemInit)
    i.WriteAddrValid                         0x00001744   Section        0  flashprogram.o(i.WriteAddrValid)
    WriteAddrValid                           0x00001745   Thumb Code    22  flashprogram.o(i.WriteAddrValid)
    i.__0sprintf                             0x0000175c   Section        0  printfa.o(i.__0sprintf)
    i.__ARM_fpclassifyf                      0x00001784   Section        0  fpclassifyf.o(i.__ARM_fpclassifyf)
    i.__aeabi_errno_addr                     0x000017ac   Section        0  errno.o(i.__aeabi_errno_addr)
    i.__hardfp_powf                          0x000017b4   Section        0  powf.o(i.__hardfp_powf)
    i.__mathlib_flt_divzero                  0x00001e18   Section        0  funder.o(i.__mathlib_flt_divzero)
    i.__mathlib_flt_infnan2                  0x00001e2c   Section        0  funder.o(i.__mathlib_flt_infnan2)
    i.__mathlib_flt_invalid                  0x00001e34   Section        0  funder.o(i.__mathlib_flt_invalid)
    i.__mathlib_flt_overflow                 0x00001e44   Section        0  funder.o(i.__mathlib_flt_overflow)
    i.__mathlib_flt_underflow                0x00001e54   Section        0  funder.o(i.__mathlib_flt_underflow)
    i.__scatterload_copy                     0x00001e64   Section       14  handlers.o(i.__scatterload_copy)
    i.__scatterload_null                     0x00001e72   Section        2  handlers.o(i.__scatterload_null)
    i.__scatterload_zeroinit                 0x00001e74   Section       14  handlers.o(i.__scatterload_zeroinit)
    i.__set_errno                            0x00001e84   Section        0  errno.o(i.__set_errno)
    i._fp_digits                             0x00001e90   Section        0  printfa.o(i._fp_digits)
    _fp_digits                               0x00001e91   Thumb Code   366  printfa.o(i._fp_digits)
    i._is_digit                              0x00002014   Section        0  scanf_fp.o(i._is_digit)
    i._printf_core                           0x00002024   Section        0  printfa.o(i._printf_core)
    _printf_core                             0x00002025   Thumb Code  1704  printfa.o(i._printf_core)
    i._printf_post_padding                   0x000026d8   Section        0  printfa.o(i._printf_post_padding)
    _printf_post_padding                     0x000026d9   Thumb Code    36  printfa.o(i._printf_post_padding)
    i._printf_pre_padding                    0x000026fc   Section        0  printfa.o(i._printf_pre_padding)
    _printf_pre_padding                      0x000026fd   Thumb Code    46  printfa.o(i._printf_pre_padding)
    i._sputc                                 0x0000272a   Section        0  printfa.o(i._sputc)
    _sputc                                   0x0000272b   Thumb Code    10  printfa.o(i._sputc)
    i.append                                 0x00002734   Section        0  main.o(i.append)
    i.clearDisplay                           0x0000274c   Section        0  lcd.o(i.clearDisplay)
    i.createPatterns                         0x00002770   Section        0  main.o(i.createPatterns)
    i.delay_100ms                            0x000027bc   Section        0  main.o(i.delay_100ms)
    i.displayAnimation                       0x000027d8   Section        0  main.o(i.displayAnimation)
    i.expression                             0x00002844   Section        0  main.o(i.expression)
    i.factor                                 0x000028b4   Section        0  main.o(i.factor)
    i.initialise_parser                      0x00002910   Section        0  main.o(i.initialise_parser)
    i.lcdUpdate                              0x00002940   Section        0  main.o(i.lcdUpdate)
    i.main                                   0x00002978   Section        0  main.o(i.main)
    i.moveDisplayCursor                      0x00002e14   Section        0  lcd.o(i.moveDisplayCursor)
    i.next                                   0x00002e24   Section        0  main.o(i.next)
    i.pow_factor                             0x00002e34   Section        0  main.o(i.pow_factor)
    i.printDisplay                           0x00002f20   Section        0  lcd.o(i.printDisplay)
    i.read                                   0x00002f3c   Section        0  main.o(i.read)
    i.readKeypad                             0x00002f88   Section        0  keypad.o(i.readKeypad)
    i.reset                                  0x000030b4   Section        0  main.o(i.reset)
    i.reset_math                             0x000030c8   Section        0  main.o(i.reset_math)
    i.returnInput                            0x000030dc   Section        0  main.o(i.returnInput)
    i.scan                                   0x00003180   Section        0  main.o(i.scan)
    i.term                                   0x00003268   Section        0  main.o(i.term)
    i.unsigned_factor                        0x000032f0   Section        0  main.o(i.unsigned_factor)
    i.writeDisplay                           0x00003368   Section        0  lcd.o(i.writeDisplay)
    .constdata                               0x00003378   Section      320  powf.o(.constdata)
    table                                    0x00003378   Data         128  powf.o(.constdata)
    powersof2to1over16top                    0x000033f8   Data          64  powf.o(.constdata)
    powersof2to1over16bot                    0x00003438   Data          64  powf.o(.constdata)
    powersof2to1over16all                    0x00003478   Data          64  powf.o(.constdata)
    .constdata                               0x000034b8   Section      129  ctype_o.o(.constdata)
    .constdata                               0x0000353c   Section        4  ctype_o.o(.constdata)
    table                                    0x0000353c   Data           4  ctype_o.o(.constdata)
    .data                                    0x20000000   Section      100  main.o(.data)
    .data                                    0x20000064   Section        4  errno.o(.data)
    _errno                                   0x20000064   Data           4  errno.o(.data)
    .bss                                     0x20000068   Section      400  main.o(.bss)
    STACK                                    0x200001f8   Section      512  startup_tm4c123.o(STACK)

    Global Symbols

    Symbol Name                              Value     Ov Type        Size  Object(Section)

    BuildAttributes$$THM_ISAv4$E$P$D$K$B$S$7EM$VFPi3$EXTD16$VFPS$VFMA$PE$A:L22UL41UL21$X:L11$S22US41US21$IEEE1$IW$USESV6$~STKCKD$USESV7$~SHL$OTIME$ROPI$IEEEX$EBA8$MICROLIB$REQ8$PRES8$EABIv2 0x00000000   Number         0  anon$$obj.o ABSOLUTE
    __ARM_use_no_argv                        0x00000000   Number         0  main.o ABSOLUTE
    __Vectors                                0x00000000   Data           4  startup_tm4c123.o(RESET)
    _printf_a                                0x00000000   Number         0  stubs.o ABSOLUTE
    _printf_c                                0x00000000   Number         0  stubs.o ABSOLUTE
    _printf_charcount                        0x00000000   Number         0  stubs.o ABSOLUTE
    _printf_d                                0x00000000   Number         0  stubs.o ABSOLUTE
    _printf_e                                0x00000000   Number         0  stubs.o ABSOLUTE
    _printf_f                                0x00000000   Number         0  stubs.o ABSOLUTE
    _printf_flags                            0x00000000   Number         0  stubs.o ABSOLUTE
    _printf_fp_dec                           0x00000000   Number         0  stubs.o ABSOLUTE
    _printf_fp_hex                           0x00000000   Number         0  stubs.o ABSOLUTE
    _printf_g                                0x00000000   Number         0  stubs.o ABSOLUTE
    _printf_i                                0x00000000   Number         0  stubs.o ABSOLUTE
    _printf_int_dec                          0x00000000   Number         0  stubs.o ABSOLUTE
    _printf_l                                0x00000000   Number         0  stubs.o ABSOLUTE
    _printf_lc                               0x00000000   Number         0  stubs.o ABSOLUTE
    _printf_ll                               0x00000000   Number         0  stubs.o ABSOLUTE
    _printf_lld                              0x00000000   Number         0  stubs.o ABSOLUTE
    _printf_lli                              0x00000000   Number         0  stubs.o ABSOLUTE
    _printf_llo                              0x00000000   Number         0  stubs.o ABSOLUTE
    _printf_llu                              0x00000000   Number         0  stubs.o ABSOLUTE
    _printf_llx                              0x00000000   Number         0  stubs.o ABSOLUTE
    _printf_longlong_dec                     0x00000000   Number         0  stubs.o ABSOLUTE
    _printf_longlong_hex                     0x00000000   Number         0  stubs.o ABSOLUTE
    _printf_longlong_oct                     0x00000000   Number         0  stubs.o ABSOLUTE
    _printf_ls                               0x00000000   Number         0  stubs.o ABSOLUTE
    _printf_mbtowc                           0x00000000   Number         0  stubs.o ABSOLUTE
    _printf_n                                0x00000000   Number         0  stubs.o ABSOLUTE
    _printf_o                                0x00000000   Number         0  stubs.o ABSOLUTE
    _printf_p                                0x00000000   Number         0  stubs.o ABSOLUTE
    _printf_percent                          0x00000000   Number         0  stubs.o ABSOLUTE
    _printf_pre_padding                      0x00000000   Number         0  stubs.o ABSOLUTE
    _printf_return_value                     0x00000000   Number         0  stubs.o ABSOLUTE
    _printf_s                                0x00000000   Number         0  stubs.o ABSOLUTE
    _printf_sizespec                         0x00000000   Number         0  stubs.o ABSOLUTE
    _printf_str                              0x00000000   Number         0  stubs.o ABSOLUTE
    _printf_truncate_signed                  0x00000000   Number         0  stubs.o ABSOLUTE
    _printf_truncate_unsigned                0x00000000   Number         0  stubs.o ABSOLUTE
    _printf_u                                0x00000000   Number         0  stubs.o ABSOLUTE
    _printf_wc                               0x00000000   Number         0  stubs.o ABSOLUTE
    _printf_wctomb                           0x00000000   Number         0  stubs.o ABSOLUTE
    _printf_widthprec                        0x00000000   Number         0  stubs.o ABSOLUTE
    _printf_x                                0x00000000   Number         0  stubs.o ABSOLUTE
    __arm_fini_                               - Undefined Weak Reference
    __cpp_initialize__aeabi_                  - Undefined Weak Reference
    __cxa_finalize                            - Undefined Weak Reference
    __decompress                              - Undefined Weak Reference
    _clock_init                               - Undefined Weak Reference
    _microlib_exit                            - Undefined Weak Reference
    _scanf_int                                - Undefined Weak Reference
    _scanf_longlong                           - Undefined Weak Reference
    _scanf_string                             - Undefined Weak Reference
    __Vectors_End                            0x0000026c   Data           0  startup_tm4c123.o(RESET)
    __Vectors_Size                           0x0000026c   Number         0  startup_tm4c123.o ABSOLUTE
    __main                                   0x0000026d   Thumb Code     0  entry.o(.ARM.Collect$$$$00000000)
    _main_stk                                0x0000026d   Thumb Code     0  entry2.o(.ARM.Collect$$$$00000001)
    _main_scatterload                        0x00000271   Thumb Code     0  entry5.o(.ARM.Collect$$$$00000004)
    __main_after_scatterload                 0x00000275   Thumb Code     0  entry5.o(.ARM.Collect$$$$00000004)
    _main_clock                              0x00000275   Thumb Code     0  entry7b.o(.ARM.Collect$$$$00000008)
    _main_cpp_init                           0x00000275   Thumb Code     0  entry8b.o(.ARM.Collect$$$$0000000A)
    _main_init                               0x00000275   Thumb Code     0  entry9a.o(.ARM.Collect$$$$0000000B)
    __rt_lib_shutdown_fini                   0x0000027d   Thumb Code     0  entry12b.o(.ARM.Collect$$$$0000000E)
    __rt_final_cpp                           0x00000281   Thumb Code     0  entry10a.o(.ARM.Collect$$$$0000000F)
    __rt_final_exit                          0x00000281   Thumb Code     0  entry11a.o(.ARM.Collect$$$$00000011)
    Reset_Handler                            0x00000285   Thumb Code     8  startup_tm4c123.o(.text)
    NMI_Handler                              0x0000028d   Thumb Code     2  startup_tm4c123.o(.text)
    HardFault_Handler                        0x0000028f   Thumb Code     2  startup_tm4c123.o(.text)
    MemManage_Handler                        0x00000291   Thumb Code     2  startup_tm4c123.o(.text)
    BusFault_Handler                         0x00000293   Thumb Code     2  startup_tm4c123.o(.text)
    UsageFault_Handler                       0x00000295   Thumb Code     2  startup_tm4c123.o(.text)
    SVC_Handler                              0x00000297   Thumb Code     2  startup_tm4c123.o(.text)
    DebugMon_Handler                         0x00000299   Thumb Code     2  startup_tm4c123.o(.text)
    PendSV_Handler                           0x0000029b   Thumb Code     2  startup_tm4c123.o(.text)
    SysTick_Handler                          0x0000029d   Thumb Code     2  startup_tm4c123.o(.text)
    GPIOA_Handler                            0x0000029f   Thumb Code     2  startup_tm4c123.o(.text)
    GPIOB_Handler                            0x000002a1   Thumb Code     2  startup_tm4c123.o(.text)
    GPIOC_Handler                            0x000002a3   Thumb Code     2  startup_tm4c123.o(.text)
    GPIOD_Handler                            0x000002a5   Thumb Code     2  startup_tm4c123.o(.text)
    GPIOE_Handler                            0x000002a7   Thumb Code     2  startup_tm4c123.o(.text)
    UART0_Handler                            0x000002a9   Thumb Code     2  startup_tm4c123.o(.text)
    UART1_Handler                            0x000002ab   Thumb Code     2  startup_tm4c123.o(.text)
    SSI0_Handler                             0x000002ad   Thumb Code     2  startup_tm4c123.o(.text)
    I2C0_Handler                             0x000002af   Thumb Code     2  startup_tm4c123.o(.text)
    PMW0_FAULT_Handler                       0x000002b1   Thumb Code     2  startup_tm4c123.o(.text)
    PWM0_0_Handler                           0x000002b3   Thumb Code     2  startup_tm4c123.o(.text)
    PWM0_1_Handler                           0x000002b5   Thumb Code     2  startup_tm4c123.o(.text)
    PWM0_2_Handler                           0x000002b7   Thumb Code     2  startup_tm4c123.o(.text)
    QEI0_Handler                             0x000002b9   Thumb Code     2  startup_tm4c123.o(.text)
    ADC0SS0_Handler                          0x000002bb   Thumb Code     2  startup_tm4c123.o(.text)
    ADC0SS1_Handler                          0x000002bd   Thumb Code     2  startup_tm4c123.o(.text)
    ADC0SS2_Handler                          0x000002bf   Thumb Code     2  startup_tm4c123.o(.text)
    ADC0SS3_Handler                          0x000002c1   Thumb Code     2  startup_tm4c123.o(.text)
    WDT0_Handler                             0x000002c3   Thumb Code     2  startup_tm4c123.o(.text)
    TIMER0A_Handler                          0x000002c5   Thumb Code     2  startup_tm4c123.o(.text)
    TIMER0B_Handler                          0x000002c7   Thumb Code     2  startup_tm4c123.o(.text)
    TIMER1A_Handler                          0x000002c9   Thumb Code     2  startup_tm4c123.o(.text)
    TIMER1B_Handler                          0x000002cb   Thumb Code     2  startup_tm4c123.o(.text)
    TIMER2A_Handler                          0x000002cd   Thumb Code     2  startup_tm4c123.o(.text)
    TIMER2B_Handler                          0x000002cf   Thumb Code     2  startup_tm4c123.o(.text)
    COMP0_Handler                            0x000002d1   Thumb Code     2  startup_tm4c123.o(.text)
    COMP1_Handler                            0x000002d3   Thumb Code     2  startup_tm4c123.o(.text)
    COMP2_Handler                            0x000002d5   Thumb Code     2  startup_tm4c123.o(.text)
    SYSCTL_Handler                           0x000002d7   Thumb Code     2  startup_tm4c123.o(.text)
    FLASH_Handler                            0x000002d9   Thumb Code     2  startup_tm4c123.o(.text)
    GPIOF_Handler                            0x000002db   Thumb Code     2  startup_tm4c123.o(.text)
    GPIOG_Handler                            0x000002dd   Thumb Code     2  startup_tm4c123.o(.text)
    GPIOH_Handler                            0x000002df   Thumb Code     2  startup_tm4c123.o(.text)
    UART2_Handler                            0x000002e1   Thumb Code     2  startup_tm4c123.o(.text)
    SSI1_Handler                             0x000002e3   Thumb Code     2  startup_tm4c123.o(.text)
    TIMER3A_Handler                          0x000002e5   Thumb Code     2  startup_tm4c123.o(.text)
    TIMER3B_Handler                          0x000002e7   Thumb Code     2  startup_tm4c123.o(.text)
    I2C1_Handler                             0x000002e9   Thumb Code     2  startup_tm4c123.o(.text)
    QEI1_Handler                             0x000002eb   Thumb Code     2  startup_tm4c123.o(.text)
    CAN0_Handler                             0x000002ed   Thumb Code     2  startup_tm4c123.o(.text)
    CAN1_Handler                             0x000002ef   Thumb Code     2  startup_tm4c123.o(.text)
    CAN2_Handler                             0x000002f1   Thumb Code     2  startup_tm4c123.o(.text)
    HIB_Handler                              0x000002f3   Thumb Code     2  startup_tm4c123.o(.text)
    USB0_Handler                             0x000002f5   Thumb Code     2  startup_tm4c123.o(.text)
    PWM0_3_Handler                           0x000002f7   Thumb Code     2  startup_tm4c123.o(.text)
    UDMA_Handler                             0x000002f9   Thumb Code     2  startup_tm4c123.o(.text)
    UDMAERR_Handler                          0x000002fb   Thumb Code     2  startup_tm4c123.o(.text)
    ADC1SS0_Handler                          0x000002fd   Thumb Code     2  startup_tm4c123.o(.text)
    ADC1SS1_Handler                          0x000002ff   Thumb Code     2  startup_tm4c123.o(.text)
    ADC1SS2_Handler                          0x00000301   Thumb Code     2  startup_tm4c123.o(.text)
    ADC1SS3_Handler                          0x00000303   Thumb Code     2  startup_tm4c123.o(.text)
    GPIOJ_Handler                            0x00000305   Thumb Code     2  startup_tm4c123.o(.text)
    GPIOK_Handler                            0x00000307   Thumb Code     2  startup_tm4c123.o(.text)
    GPIOL_Handler                            0x00000309   Thumb Code     2  startup_tm4c123.o(.text)
    SSI2_Handler                             0x0000030b   Thumb Code     2  startup_tm4c123.o(.text)
    SSI3_Handler                             0x0000030d   Thumb Code     2  startup_tm4c123.o(.text)
    UART3_Handler                            0x0000030f   Thumb Code     2  startup_tm4c123.o(.text)
    UART4_Handler                            0x00000311   Thumb Code     2  startup_tm4c123.o(.text)
    UART5_Handler                            0x00000313   Thumb Code     2  startup_tm4c123.o(.text)
    UART6_Handler                            0x00000315   Thumb Code     2  startup_tm4c123.o(.text)
    UART7_Handler                            0x00000317   Thumb Code     2  startup_tm4c123.o(.text)
    I2C2_Handler                             0x00000319   Thumb Code     2  startup_tm4c123.o(.text)
    I2C3_Handler                             0x0000031b   Thumb Code     2  startup_tm4c123.o(.text)
    TIMER4A_Handler                          0x0000031d   Thumb Code     2  startup_tm4c123.o(.text)
    TIMER4B_Handler                          0x0000031f   Thumb Code     2  startup_tm4c123.o(.text)
    TIMER5A_Handler                          0x00000321   Thumb Code     2  startup_tm4c123.o(.text)
    TIMER5B_Handler                          0x00000323   Thumb Code     2  startup_tm4c123.o(.text)
    WTIMER0A_Handler                         0x00000325   Thumb Code     2  startup_tm4c123.o(.text)
    WTIMER0B_Handler                         0x00000327   Thumb Code     2  startup_tm4c123.o(.text)
    WTIMER1A_Handler                         0x00000329   Thumb Code     2  startup_tm4c123.o(.text)
    WTIMER1B_Handler                         0x0000032b   Thumb Code     2  startup_tm4c123.o(.text)
    WTIMER2A_Handler                         0x0000032d   Thumb Code     2  startup_tm4c123.o(.text)
    WTIMER2B_Handler                         0x0000032f   Thumb Code     2  startup_tm4c123.o(.text)
    WTIMER3A_Handler                         0x00000331   Thumb Code     2  startup_tm4c123.o(.text)
    WTIMER3B_Handler                         0x00000333   Thumb Code     2  startup_tm4c123.o(.text)
    WTIMER4A_Handler                         0x00000335   Thumb Code     2  startup_tm4c123.o(.text)
    WTIMER4B_Handler                         0x00000337   Thumb Code     2  startup_tm4c123.o(.text)
    WTIMER5A_Handler                         0x00000339   Thumb Code     2  startup_tm4c123.o(.text)
    WTIMER5B_Handler                         0x0000033b   Thumb Code     2  startup_tm4c123.o(.text)
    FPU_Handler                              0x0000033d   Thumb Code     2  startup_tm4c123.o(.text)
    I2C4_Handler                             0x0000033f   Thumb Code     2  startup_tm4c123.o(.text)
    I2C5_Handler                             0x00000341   Thumb Code     2  startup_tm4c123.o(.text)
    GPIOM_Handler                            0x00000343   Thumb Code     2  startup_tm4c123.o(.text)
    GPION_Handler                            0x00000345   Thumb Code     2  startup_tm4c123.o(.text)
    QEI2_Handler                             0x00000347   Thumb Code     2  startup_tm4c123.o(.text)
    GPIOP0_Handler                           0x00000349   Thumb Code     2  startup_tm4c123.o(.text)
    GPIOP1_Handler                           0x0000034b   Thumb Code     2  startup_tm4c123.o(.text)
    GPIOP2_Handler                           0x0000034d   Thumb Code     2  startup_tm4c123.o(.text)
    GPIOP3_Handler                           0x0000034f   Thumb Code     2  startup_tm4c123.o(.text)
    GPIOP4_Handler                           0x00000351   Thumb Code     2  startup_tm4c123.o(.text)
    GPIOP5_Handler                           0x00000353   Thumb Code     2  startup_tm4c123.o(.text)
    GPIOP6_Handler                           0x00000355   Thumb Code     2  startup_tm4c123.o(.text)
    GPIOP7_Handler                           0x00000357   Thumb Code     2  startup_tm4c123.o(.text)
    GPIOQ0_Handler                           0x00000359   Thumb Code     2  startup_tm4c123.o(.text)
    GPIOQ1_Handler                           0x0000035b   Thumb Code     2  startup_tm4c123.o(.text)
    GPIOQ2_Handler                           0x0000035d   Thumb Code     2  startup_tm4c123.o(.text)
    GPIOQ3_Handler                           0x0000035f   Thumb Code     2  startup_tm4c123.o(.text)
    GPIOQ4_Handler                           0x00000361   Thumb Code     2  startup_tm4c123.o(.text)
    GPIOQ5_Handler                           0x00000363   Thumb Code     2  startup_tm4c123.o(.text)
    GPIOQ6_Handler                           0x00000365   Thumb Code     2  startup_tm4c123.o(.text)
    GPIOQ7_Handler                           0x00000367   Thumb Code     2  startup_tm4c123.o(.text)
    GPIOR_Handler                            0x00000369   Thumb Code     2  startup_tm4c123.o(.text)
    GPIOS_Handler                            0x0000036b   Thumb Code     2  startup_tm4c123.o(.text)
    PMW1_0_Handler                           0x0000036d   Thumb Code     2  startup_tm4c123.o(.text)
    PWM1_1_Handler                           0x0000036f   Thumb Code     2  startup_tm4c123.o(.text)
    PWM1_2_Handler                           0x00000371   Thumb Code     2  startup_tm4c123.o(.text)
    PWM1_3_Handler                           0x00000373   Thumb Code     2  startup_tm4c123.o(.text)
    PWM1_FAULT_Handler                       0x00000375   Thumb Code     2  startup_tm4c123.o(.text)
    strcat                                   0x00000381   Thumb Code    24  strcat.o(.text)
    strlen                                   0x00000399   Thumb Code    14  strlen.o(.text)
    strcpy                                   0x000003a7   Thumb Code    18  strcpy.o(.text)
    __0sscanf                                0x000003b9   Thumb Code    48  __0sscanf.o(.text)
    _scanf_real                              0x00000519   Thumb Code     0  scanf_fp.o(.text)
    _scanf_really_real                       0x00000519   Thumb Code   556  scanf_fp.o(.text)
    atoi                                     0x00000751   Thumb Code    26  atoi.o(.text)
    __aeabi_f2d                              0x0000076b   Thumb Code    38  f2d.o(.text)
    __aeabi_uidiv                            0x00000791   Thumb Code     0  uidiv.o(.text)
    __aeabi_uidivmod                         0x00000791   Thumb Code    44  uidiv.o(.text)
    __aeabi_uldivmod                         0x000007bd   Thumb Code    98  uldiv.o(.text)
    __vfscanf_char                           0x0000082d   Thumb Code    20  scanf_char.o(.text)
    _sgetc                                   0x00000849   Thumb Code    30  _sgetc.o(.text)
    _sbackspace                              0x00000867   Thumb Code    34  _sgetc.o(.text)
    strtol                                   0x00000889   Thumb Code   112  strtol.o(.text)
    __I$use$fp                               0x000008f9   Thumb Code     0  iusefp.o(.text)
    __aeabi_dadd                             0x000008f9   Thumb Code   322  dadd.o(.text)
    __aeabi_dsub                             0x00000a3b   Thumb Code     6  dadd.o(.text)
    __aeabi_drsub                            0x00000a41   Thumb Code     6  dadd.o(.text)
    __aeabi_dmul                             0x00000a47   Thumb Code   228  dmul.o(.text)
    __aeabi_ddiv                             0x00000b2b   Thumb Code   222  ddiv.o(.text)
    __aeabi_ul2d                             0x00000c09   Thumb Code    24  dfltul.o(.text)
    __aeabi_d2ulz                            0x00000c21   Thumb Code    48  dfixul.o(.text)
    __aeabi_cdrcmple                         0x00000c51   Thumb Code    48  cdrcmple.o(.text)
    __aeabi_d2f                              0x00000c81   Thumb Code    56  d2f.o(.text)
    __fp_status                              0x00000cb9   Thumb Code     4  fpstat.o(.text)
    __ieee_status                            0x00000cb9   Thumb Code     0  fpstat.o(.text)
    __scatterload                            0x00000cbd   Thumb Code    28  init.o(.text)
    __scatterload_rt2                        0x00000cbd   Thumb Code     0  init.o(.text)
    __aeabi_llsl                             0x00000ce1   Thumb Code    30  llshl.o(.text)
    _ll_shift_l                              0x00000ce1   Thumb Code     0  llshl.o(.text)
    __aeabi_llsr                             0x00000cff   Thumb Code    32  llushr.o(.text)
    _ll_ushift_r                             0x00000cff   Thumb Code     0  llushr.o(.text)
    __aeabi_lasr                             0x00000d1f   Thumb Code    36  llsshr.o(.text)
    _ll_sshift_r                             0x00000d1f   Thumb Code     0  llsshr.o(.text)
    __rt_ctype_table                         0x00000d45   Thumb Code     4  ctype_o.o(.text)
    isdigit                                  0x00000d4d   Thumb Code    24  isdigit_o.o(.text)
    isspace                                  0x00000d65   Thumb Code    18  isspace_o.o(.text)
    __vfscanf                                0x00000d79   Thumb Code   810  _scanf.o(.text)
    _strtoul                                 0x000010a9   Thumb Code   158  _strtoul.o(.text)
    _float_round                             0x00001147   Thumb Code    18  fepilogue.o(.text)
    _float_epilogue                          0x00001159   Thumb Code    92  fepilogue.o(.text)
    _double_round                            0x000011b5   Thumb Code    30  depilogue.o(.text)
    _double_epilogue                         0x000011d3   Thumb Code   156  depilogue.o(.text)
    _chval                                   0x0000126f   Thumb Code    28  _chval.o(.text)
    CreateCustomCharacter                    0x0000128b   Thumb Code    58  lcd.o(i.CreateCustomCharacter)
    Flash_Erase                              0x000012dd   Thumb Code    74  flashprogram.o(i.Flash_Erase)
    Flash_Write                              0x00001339   Thumb Code    78  flashprogram.o(i.Flash_Write)
    InitDisplayPort                          0x00001399   Thumb Code   166  lcd.o(i.InitDisplayPort)
    KeypadInit                               0x00001449   Thumb Code   120  keypad.o(i.KeypadInit)
    LCDPort_Init                             0x000014d9   Thumb Code   118  lcd.o(i.LCDPort_Init)
    PLL_Init                                 0x00001569   Thumb Code   108  pll.o(i.PLL_Init)
    Pulse_EN                                 0x000015d9   Thumb Code    44  lcd.o(i.Pulse_EN)
    SendDisplayByte                          0x00001605   Thumb Code    58  lcd.o(i.SendDisplayByte)
    SendDisplayNibble                        0x00001645   Thumb Code    42  lcd.o(i.SendDisplayNibble)
    SysTick_Init                             0x00001675   Thumb Code    24  pll.o(i.SysTick_Init)
    SysTick_Wait                             0x0000168d   Thumb Code    30  pll.o(i.SysTick_Wait)
    SystemInit                               0x000016ad   Thumb Code   112  system_tm4c123.o(i.SystemInit)
    __0sprintf                               0x0000175d   Thumb Code    34  printfa.o(i.__0sprintf)
    __1sprintf                               0x0000175d   Thumb Code     0  printfa.o(i.__0sprintf)
    __2sprintf                               0x0000175d   Thumb Code     0  printfa.o(i.__0sprintf)
    __c89sprintf                             0x0000175d   Thumb Code     0  printfa.o(i.__0sprintf)
    sprintf                                  0x0000175d   Thumb Code     0  printfa.o(i.__0sprintf)
    __ARM_fpclassifyf                        0x00001785   Thumb Code    38  fpclassifyf.o(i.__ARM_fpclassifyf)
    __aeabi_errno_addr                       0x000017ad   Thumb Code     4  errno.o(i.__aeabi_errno_addr)
    __rt_errno_addr                          0x000017ad   Thumb Code     0  errno.o(i.__aeabi_errno_addr)
    __hardfp_powf                            0x000017b5   Thumb Code  1606  powf.o(i.__hardfp_powf)
    __mathlib_powf                           0x000017b5   Thumb Code     0  powf.o(i.__hardfp_powf)
    __mathlib_flt_divzero                    0x00001e19   Thumb Code    14  funder.o(i.__mathlib_flt_divzero)
    __mathlib_flt_infnan2                    0x00001e2d   Thumb Code     6  funder.o(i.__mathlib_flt_infnan2)
    __mathlib_flt_invalid                    0x00001e35   Thumb Code    10  funder.o(i.__mathlib_flt_invalid)
    __mathlib_flt_overflow                   0x00001e45   Thumb Code    10  funder.o(i.__mathlib_flt_overflow)
    __mathlib_flt_underflow                  0x00001e55   Thumb Code    10  funder.o(i.__mathlib_flt_underflow)
    __scatterload_copy                       0x00001e65   Thumb Code    14  handlers.o(i.__scatterload_copy)
    __scatterload_null                       0x00001e73   Thumb Code     2  handlers.o(i.__scatterload_null)
    __scatterload_zeroinit                   0x00001e75   Thumb Code    14  handlers.o(i.__scatterload_zeroinit)
    __set_errno                              0x00001e85   Thumb Code     6  errno.o(i.__set_errno)
    _is_digit                                0x00002015   Thumb Code    14  scanf_fp.o(i._is_digit)
    append                                   0x00002735   Thumb Code    24  main.o(i.append)
    clearDisplay                             0x0000274d   Thumb Code    34  lcd.o(i.clearDisplay)
    createPatterns                           0x00002771   Thumb Code    52  main.o(i.createPatterns)
    delay_100ms                              0x000027bd   Thumb Code    24  main.o(i.delay_100ms)
    displayAnimation                         0x000027d9   Thumb Code   108  main.o(i.displayAnimation)
    expression                               0x00002845   Thumb Code    96  main.o(i.expression)
    factor                                   0x000028b5   Thumb Code    76  main.o(i.factor)
    initialise_parser                        0x00002911   Thumb Code    34  main.o(i.initialise_parser)
    lcdUpdate                                0x00002941   Thumb Code    44  main.o(i.lcdUpdate)
    main                                     0x00002979   Thumb Code   968  main.o(i.main)
    moveDisplayCursor                        0x00002e15   Thumb Code    16  lcd.o(i.moveDisplayCursor)
    next                                     0x00002e25   Thumb Code    12  main.o(i.next)
    pow_factor                               0x00002e35   Thumb Code   218  main.o(i.pow_factor)
    printDisplay                             0x00002f21   Thumb Code    26  lcd.o(i.printDisplay)
    read                                     0x00002f3d   Thumb Code    56  main.o(i.read)
    readKeypad                               0x00002f89   Thumb Code   290  keypad.o(i.readKeypad)
    reset                                    0x000030b5   Thumb Code    12  main.o(i.reset)
    reset_math                               0x000030c9   Thumb Code    12  main.o(i.reset_math)
    returnInput                              0x000030dd   Thumb Code   164  main.o(i.returnInput)
    scan                                     0x00003181   Thumb Code   224  main.o(i.scan)
    term                                     0x00003269   Thumb Code   118  main.o(i.term)
    unsigned_factor                          0x000032f1   Thumb Code    98  main.o(i.unsigned_factor)
    writeDisplay                             0x00003369   Thumb Code    14  lcd.o(i.writeDisplay)
    __ctype_table                            0x000034b8   Data         129  ctype_o.o(.constdata)
    Region$$Table$$Base                      0x00003540   Number         0  anon$$obj.o(Region$$Table)
    Region$$Table$$Limit                     0x00003560   Number         0  anon$$obj.o(Region$$Table)
    In                                       0x20000000   Data           1  main.o(.data)
    Inprev                                   0x20000001   Data           1  main.o(.data)
    shift                                    0x20000002   Data           1  main.o(.data)
    password_change                          0x20000003   Data           1  main.o(.data)
    password_in                              0x20000004   Data           5  main.o(.data)
    new_password                             0x20000009   Data           5  main.o(.data)
    p                                        0x20000010   Data           4  main.o(.data)
    n                                        0x20000014   Data           4  main.o(.data)
    i                                        0x20000018   Data           4  main.o(.data)
    symbol                                   0x2000001c   Data           1  main.o(.data)
    ans                                      0x20000020   Data           4  main.o(.data)
    error                                    0x20000024   Data           4  main.o(.data)
    look_ahead                               0x20000028   Data           1  main.o(.data)
    ptr                                      0x2000002c   Data           4  main.o(.data)
    new_password_int                         0x20000030   Data           4  main.o(.data)
    Pattern0                                 0x20000034   Data           8  main.o(.data)
    Pattern1                                 0x2000003c   Data           8  main.o(.data)
    Pattern2                                 0x20000044   Data           8  main.o(.data)
    Pattern3                                 0x2000004c   Data           8  main.o(.data)
    Pattern4                                 0x20000054   Data           8  main.o(.data)
    Pattern5                                 0x2000005c   Data           8  main.o(.data)
    tbuf                                     0x20000068   Data         200  main.o(.bss)
    math_exp                                 0x20000130   Data         100  main.o(.bss)
    answer                                   0x20000194   Data         100  main.o(.bss)
    __initial_sp                             0x200003f8   Data           0  startup_tm4c123.o(STACK)



==============================================================================

Memory Map of the image

  Image Entry point : 0x0000026d

  Load Region LR_IROM1 (Base: 0x00000000, Size: 0x000035c8, Max: 0x00040000, ABSOLUTE)

    Execution Region ER_IROM1 (Exec base: 0x00000000, Load base: 0x00000000, Size: 0x00003560, Max: 0x00040000, ABSOLUTE)

    Exec Addr    Load Addr    Size         Type   Attr      Idx    E Section Name        Object

    0x00000000   0x00000000   0x0000026c   Data   RO          342    RESET               startup_tm4c123.o
    0x0000026c   0x0000026c   0x00000000   Code   RO          425  * .ARM.Collect$$$$00000000  mc_w.l(entry.o)
    0x0000026c   0x0000026c   0x00000004   Code   RO          723    .ARM.Collect$$$$00000001  mc_w.l(entry2.o)
    0x00000270   0x00000270   0x00000004   Code   RO          726    .ARM.Collect$$$$00000004  mc_w.l(entry5.o)
    0x00000274   0x00000274   0x00000000   Code   RO          728    .ARM.Collect$$$$00000008  mc_w.l(entry7b.o)
    0x00000274   0x00000274   0x00000000   Code   RO          730    .ARM.Collect$$$$0000000A  mc_w.l(entry8b.o)
    0x00000274   0x00000274   0x00000008   Code   RO          731    .ARM.Collect$$$$0000000B  mc_w.l(entry9a.o)
    0x0000027c   0x0000027c   0x00000004   Code   RO          738    .ARM.Collect$$$$0000000E  mc_w.l(entry12b.o)
    0x00000280   0x00000280   0x00000000   Code   RO          733    .ARM.Collect$$$$0000000F  mc_w.l(entry10a.o)
    0x00000280   0x00000280   0x00000000   Code   RO          735    .ARM.Collect$$$$00000011  mc_w.l(entry11a.o)
    0x00000280   0x00000280   0x00000004   Code   RO          724    .ARM.Collect$$$$00002712  mc_w.l(entry2.o)
    0x00000284   0x00000284   0x000000fc   Code   RO          343    .text               startup_tm4c123.o
    0x00000380   0x00000380   0x00000018   Code   RO          430    .text               mc_w.l(strcat.o)
    0x00000398   0x00000398   0x0000000e   Code   RO          432    .text               mc_w.l(strlen.o)
    0x000003a6   0x000003a6   0x00000012   Code   RO          434    .text               mc_w.l(strcpy.o)
    0x000003b8   0x000003b8   0x00000038   Code   RO          697    .text               mc_w.l(__0sscanf.o)
    0x000003f0   0x000003f0   0x00000360   Code   RO          699    .text               mc_w.l(scanf_fp.o)
    0x00000750   0x00000750   0x0000001a   Code   RO          703    .text               mc_w.l(atoi.o)
    0x0000076a   0x0000076a   0x00000026   Code   RO          705    .text               mf_w.l(f2d.o)
    0x00000790   0x00000790   0x0000002c   Code   RO          740    .text               mc_w.l(uidiv.o)
    0x000007bc   0x000007bc   0x00000062   Code   RO          742    .text               mc_w.l(uldiv.o)
    0x0000081e   0x0000081e   0x00000002   PAD
    0x00000820   0x00000820   0x00000028   Code   RO          754    .text               mc_w.l(scanf_char.o)
    0x00000848   0x00000848   0x00000040   Code   RO          756    .text               mc_w.l(_sgetc.o)
    0x00000888   0x00000888   0x00000070   Code   RO          758    .text               mc_w.l(strtol.o)
    0x000008f8   0x000008f8   0x00000000   Code   RO          760    .text               mc_w.l(iusefp.o)
    0x000008f8   0x000008f8   0x0000014e   Code   RO          761    .text               mf_w.l(dadd.o)
    0x00000a46   0x00000a46   0x000000e4   Code   RO          763    .text               mf_w.l(dmul.o)
    0x00000b2a   0x00000b2a   0x000000de   Code   RO          765    .text               mf_w.l(ddiv.o)
    0x00000c08   0x00000c08   0x00000018   Code   RO          767    .text               mf_w.l(dfltul.o)
    0x00000c20   0x00000c20   0x00000030   Code   RO          769    .text               mf_w.l(dfixul.o)
    0x00000c50   0x00000c50   0x00000030   Code   RO          771    .text               mf_w.l(cdrcmple.o)
    0x00000c80   0x00000c80   0x00000038   Code   RO          773    .text               mf_w.l(d2f.o)
    0x00000cb8   0x00000cb8   0x00000004   Code   RO          775    .text               mf_w.l(fpstat.o)
    0x00000cbc   0x00000cbc   0x00000024   Code   RO          777    .text               mc_w.l(init.o)
    0x00000ce0   0x00000ce0   0x0000001e   Code   RO          779    .text               mc_w.l(llshl.o)
    0x00000cfe   0x00000cfe   0x00000020   Code   RO          781    .text               mc_w.l(llushr.o)
    0x00000d1e   0x00000d1e   0x00000024   Code   RO          783    .text               mc_w.l(llsshr.o)
    0x00000d42   0x00000d42   0x00000002   PAD
    0x00000d44   0x00000d44   0x00000008   Code   RO          787    .text               mc_w.l(ctype_o.o)
    0x00000d4c   0x00000d4c   0x00000018   Code   RO          799    .text               mc_w.l(isdigit_o.o)
    0x00000d64   0x00000d64   0x00000012   Code   RO          809    .text               mc_w.l(isspace_o.o)
    0x00000d76   0x00000d76   0x00000002   PAD
    0x00000d78   0x00000d78   0x00000330   Code   RO          815    .text               mc_w.l(_scanf.o)
    0x000010a8   0x000010a8   0x0000009e   Code   RO          817    .text               mc_w.l(_strtoul.o)
    0x00001146   0x00001146   0x0000006e   Code   RO          819    .text               mf_w.l(fepilogue.o)
    0x000011b4   0x000011b4   0x000000ba   Code   RO          821    .text               mf_w.l(depilogue.o)
    0x0000126e   0x0000126e   0x0000001c   Code   RO          823    .text               mc_w.l(_chval.o)
    0x0000128a   0x0000128a   0x0000003a   Code   RO          216    i.CreateCustomCharacter  lcd.o
    0x000012c4   0x000012c4   0x00000016   Code   RO          306    i.EraseAddrValid    flashprogram.o
    0x000012da   0x000012da   0x00000002   PAD
    0x000012dc   0x000012dc   0x0000005c   Code   RO          307    i.Flash_Erase       flashprogram.o
    0x00001338   0x00001338   0x00000060   Code   RO          309    i.Flash_Write       flashprogram.o
    0x00001398   0x00001398   0x000000b0   Code   RO          217    i.InitDisplayPort   lcd.o
    0x00001448   0x00001448   0x00000090   Code   RO          198    i.KeypadInit        keypad.o
    0x000014d8   0x000014d8   0x00000090   Code   RO          218    i.LCDPort_Init      lcd.o
    0x00001568   0x00001568   0x00000070   Code   RO          282    i.PLL_Init          pll.o
    0x000015d8   0x000015d8   0x0000002c   Code   RO          219    i.Pulse_EN          lcd.o
    0x00001604   0x00001604   0x00000040   Code   RO          220    i.SendDisplayByte   lcd.o
    0x00001644   0x00001644   0x00000030   Code   RO          221    i.SendDisplayNibble  lcd.o
    0x00001674   0x00001674   0x00000018   Code   RO          283    i.SysTick_Init      pll.o
    0x0000168c   0x0000168c   0x0000001e   Code   RO          284    i.SysTick_Wait      pll.o
    0x000016aa   0x000016aa   0x00000002   PAD
    0x000016ac   0x000016ac   0x00000098   Code   RO          352    i.SystemInit        system_tm4c123.o
    0x00001744   0x00001744   0x00000016   Code   RO          310    i.WriteAddrValid    flashprogram.o
    0x0000175a   0x0000175a   0x00000002   PAD
    0x0000175c   0x0000175c   0x00000028   Code   RO          671    i.__0sprintf        mc_w.l(printfa.o)
    0x00001784   0x00001784   0x00000026   Code   RO          707    i.__ARM_fpclassifyf  m_wm.l(fpclassifyf.o)
    0x000017aa   0x000017aa   0x00000002   PAD
    0x000017ac   0x000017ac   0x00000008   Code   RO          747    i.__aeabi_errno_addr  mc_w.l(errno.o)
    0x000017b4   0x000017b4   0x00000664   Code   RO          411    i.__hardfp_powf     m_wm.l(powf.o)
    0x00001e18   0x00001e18   0x00000014   Code   RO          709    i.__mathlib_flt_divzero  m_wm.l(funder.o)
    0x00001e2c   0x00001e2c   0x00000006   Code   RO          711    i.__mathlib_flt_infnan2  m_wm.l(funder.o)
    0x00001e32   0x00001e32   0x00000002   PAD
    0x00001e34   0x00001e34   0x00000010   Code   RO          712    i.__mathlib_flt_invalid  m_wm.l(funder.o)
    0x00001e44   0x00001e44   0x00000010   Code   RO          713    i.__mathlib_flt_overflow  m_wm.l(funder.o)
    0x00001e54   0x00001e54   0x00000010   Code   RO          715    i.__mathlib_flt_underflow  m_wm.l(funder.o)
    0x00001e64   0x00001e64   0x0000000e   Code   RO          827    i.__scatterload_copy  mc_w.l(handlers.o)
    0x00001e72   0x00001e72   0x00000002   Code   RO          828    i.__scatterload_null  mc_w.l(handlers.o)
    0x00001e74   0x00001e74   0x0000000e   Code   RO          829    i.__scatterload_zeroinit  mc_w.l(handlers.o)
    0x00001e82   0x00001e82   0x00000002   PAD
    0x00001e84   0x00001e84   0x0000000c   Code   RO          749    i.__set_errno       mc_w.l(errno.o)
    0x00001e90   0x00001e90   0x00000184   Code   RO          676    i._fp_digits        mc_w.l(printfa.o)
    0x00002014   0x00002014   0x0000000e   Code   RO          701    i._is_digit         mc_w.l(scanf_fp.o)
    0x00002022   0x00002022   0x00000002   PAD
    0x00002024   0x00002024   0x000006b4   Code   RO          677    i._printf_core      mc_w.l(printfa.o)
    0x000026d8   0x000026d8   0x00000024   Code   RO          678    i._printf_post_padding  mc_w.l(printfa.o)
    0x000026fc   0x000026fc   0x0000002e   Code   RO          679    i._printf_pre_padding  mc_w.l(printfa.o)
    0x0000272a   0x0000272a   0x0000000a   Code   RO          681    i._sputc            mc_w.l(printfa.o)
    0x00002734   0x00002734   0x00000018   Code   RO            1    i.append            main.o
    0x0000274c   0x0000274c   0x00000022   Code   RO          222    i.clearDisplay      lcd.o
    0x0000276e   0x0000276e   0x00000002   PAD
    0x00002770   0x00002770   0x0000004c   Code   RO            2    i.createPatterns    main.o
    0x000027bc   0x000027bc   0x0000001c   Code   RO            3    i.delay_100ms       main.o
    0x000027d8   0x000027d8   0x0000006c   Code   RO            4    i.displayAnimation  main.o
    0x00002844   0x00002844   0x00000070   Code   RO            5    i.expression        main.o
    0x000028b4   0x000028b4   0x0000005c   Code   RO            6    i.factor            main.o
    0x00002910   0x00002910   0x00000030   Code   RO            7    i.initialise_parser  main.o
    0x00002940   0x00002940   0x00000038   Code   RO            8    i.lcdUpdate         main.o
    0x00002978   0x00002978   0x0000049c   Code   RO            9    i.main              main.o
    0x00002e14   0x00002e14   0x00000010   Code   RO          223    i.moveDisplayCursor  lcd.o
    0x00002e24   0x00002e24   0x00000010   Code   RO           10    i.next              main.o
    0x00002e34   0x00002e34   0x000000ec   Code   RO           11    i.pow_factor        main.o
    0x00002f20   0x00002f20   0x0000001a   Code   RO          224    i.printDisplay      lcd.o
    0x00002f3a   0x00002f3a   0x00000002   PAD
    0x00002f3c   0x00002f3c   0x0000004c   Code   RO           12    i.read              main.o
    0x00002f88   0x00002f88   0x0000012c   Code   RO          199    i.readKeypad        keypad.o
    0x000030b4   0x000030b4   0x00000014   Code   RO           13    i.reset             main.o
    0x000030c8   0x000030c8   0x00000014   Code   RO           14    i.reset_math        main.o
    0x000030dc   0x000030dc   0x000000a4   Code   RO           15    i.returnInput       main.o
    0x00003180   0x00003180   0x000000e8   Code   RO           16    i.scan              main.o
    0x00003268   0x00003268   0x00000088   Code   RO           17    i.term              main.o
    0x000032f0   0x000032f0   0x00000078   Code   RO           18    i.unsigned_factor   main.o
    0x00003368   0x00003368   0x0000000e   Code   RO          225    i.writeDisplay      lcd.o
    0x00003376   0x00003376   0x00000002   PAD
    0x00003378   0x00003378   0x00000140   Data   RO          414    .constdata          m_wm.l(powf.o)
    0x000034b8   0x000034b8   0x00000081   Data   RO          788    .constdata          mc_w.l(ctype_o.o)
    0x00003539   0x00003539   0x00000003   PAD
    0x0000353c   0x0000353c   0x00000004   Data   RO          789    .constdata          mc_w.l(ctype_o.o)
    0x00003540   0x00003540   0x00000020   Data   RO          825    Region$$Table       anon$$obj.o


    Execution Region RW_IRAM1 (Exec base: 0x20000000, Load base: 0x00003560, Size: 0x000003f8, Max: 0x00008000, ABSOLUTE)

    Exec Addr    Load Addr    Size         Type   Attr      Idx    E Section Name        Object

    0x20000000   0x00003560   0x00000064   Data   RW           20    .data               main.o
    0x20000064   0x000035c4   0x00000004   Data   RW          750    .data               mc_w.l(errno.o)
    0x20000068        -       0x00000190   Zero   RW           19    .bss                main.o
    0x200001f8        -       0x00000200   Zero   RW          340    STACK               startup_tm4c123.o


==============================================================================

Image component sizes


      Code (inc. data)   RO Data    RW Data    ZI Data      Debug   Object Name

       232         36          0          0          0       2440   flashprogram.o
       444         34          0          0          0       1330   keypad.o
       624         48          0          0          0       5495   lcd.o
      2744        410          0        100        400      17243   main.o
       166          4          0          0          0       1405   pll.o
       252         10        620          0        512       5476   startup_tm4c123.o
       152         40          0          0          0        609   system_tm4c123.o

    ----------------------------------------------------------------------
      4626        582        652        100        912      33998   Object Totals
         0          0         32          0          0          0   (incl. Generated)
        12          0          0          0          0          0   (incl. Padding)

    ----------------------------------------------------------------------

      Code (inc. data)   RO Data    RW Data    ZI Data      Debug   Library Member Name

        38          0          0          0          0        116   fpclassifyf.o
        74         24          0          0          0        580   funder.o
      1636        110        320          0          0        372   powf.o
        56          8          0          0          0         84   __0sscanf.o
        28          0          0          0          0         68   _chval.o
       816          6          0          0          0        112   _scanf.o
        64          0          0          0          0         84   _sgetc.o
       158          0          0          0          0         92   _strtoul.o
        26          0          0          0          0         80   atoi.o
         8          4        133          0          0         68   ctype_o.o
         0          0          0          0          0          0   entry.o
         0          0          0          0          0          0   entry10a.o
         0          0          0          0          0          0   entry11a.o
         4          0          0          0          0          0   entry12b.o
         8          4          0          0          0          0   entry2.o
         4          0          0          0          0          0   entry5.o
         0          0          0          0          0          0   entry7b.o
         0          0          0          0          0          0   entry8b.o
         8          4          0          0          0          0   entry9a.o
        20         10          0          4          0        136   errno.o
        30          0          0          0          0          0   handlers.o
        36          8          0          0          0         68   init.o
        24          0          0          0          0         76   isdigit_o.o
        18          0          0          0          0         76   isspace_o.o
         0          0          0          0          0          0   iusefp.o
        30          0          0          0          0         68   llshl.o
        36          0          0          0          0         68   llsshr.o
        32          0          0          0          0         68   llushr.o
      2236         86          0          0          0        532   printfa.o
        40          8          0          0          0         84   scanf_char.o
       878         12          0          0          0        216   scanf_fp.o
        24          0          0          0          0         68   strcat.o
        18          0          0          0          0         68   strcpy.o
        14          0          0          0          0         68   strlen.o
       112          0          0          0          0         88   strtol.o
        44          0          0          0          0         80   uidiv.o
        98          0          0          0          0         92   uldiv.o
        48          0          0          0          0         68   cdrcmple.o
        56          0          0          0          0         88   d2f.o
       334          0          0          0          0        148   dadd.o
       222          0          0          0          0        100   ddiv.o
       186          0          0          0          0        176   depilogue.o
        48          0          0          0          0         68   dfixul.o
        24          0          0          0          0         76   dfltul.o
       228          0          0          0          0         96   dmul.o
        38          0          0          0          0         68   f2d.o
       110          0          0          0          0        168   fepilogue.o
         4          0          0          0          0         68   fpstat.o

    ----------------------------------------------------------------------
      7930        284        456          4          0       4636   Library Totals
        14          0          3          0          0          0   (incl. Padding)

    ----------------------------------------------------------------------

      Code (inc. data)   RO Data    RW Data    ZI Data      Debug   Library Name

      1748        134        320          0          0       1068   m_wm.l
      4870        150        133          4          0       2444   mc_w.l
      1298          0          0          0          0       1124   mf_w.l

    ----------------------------------------------------------------------
      7930        284        456          4          0       4636   Library Totals

    ----------------------------------------------------------------------

==============================================================================


      Code (inc. data)   RO Data    RW Data    ZI Data      Debug   

     12556        866       1108        104        912      32714   Grand Totals
     12556        866       1108        104        912      32714   ELF Image Totals
     12556        866       1108        104          0          0   ROM Totals

==============================================================================

    Total RO  Size (Code + RO Data)                13664 (  13.34kB)
    Total RW  Size (RW Data + ZI Data)              1016 (   0.99kB)
    Total ROM Size (Code + RO Data + RW Data)      13768 (  13.45kB)

==============================================================================

